Component: ARM Compiler 5.06 update 6 (build 750) Tool: armlink [4d35ed]

==============================================================================

Section Cross References

    startup_stm32f407xx.o(RESET) refers to startup_stm32f407xx.o(STACK) for __initial_sp
    startup_stm32f407xx.o(RESET) refers to startup_stm32f407xx.o(.text) for Reset_Handler
    startup_stm32f407xx.o(RESET) refers to stm32f4xx_it.o(i.NMI_Handler) for NMI_Handler
    startup_stm32f407xx.o(RESET) refers to context_rvds.o(.text) for HardFault_Handler
    startup_stm32f407xx.o(RESET) refers to stm32f4xx_it.o(i.MemManage_Handler) for MemManage_Handler
    startup_stm32f407xx.o(RESET) refers to stm32f4xx_it.o(i.BusFault_Handler) for BusFault_Handler
    startup_stm32f407xx.o(RESET) refers to stm32f4xx_it.o(i.UsageFault_Handler) for UsageFault_Handler
    startup_stm32f407xx.o(RESET) refers to stm32f4xx_it.o(i.SVC_Handler) for SVC_Handler
    startup_stm32f407xx.o(RESET) refers to stm32f4xx_it.o(i.DebugMon_Handler) for DebugMon_Handler
    startup_stm32f407xx.o(RESET) refers to board.o(i.SysTick_Handler) for SysTick_Handler
    startup_stm32f407xx.o(RESET) refers to stm32f4xx_it.o(i.DMA2_Stream0_IRQHandler) for DMA2_Stream0_IRQHandler
    startup_stm32f407xx.o(RESET) refers to stm32f4xx_it.o(i.DMA2_Stream1_IRQHandler) for DMA2_Stream1_IRQHandler
    startup_stm32f407xx.o(RESET) refers to stm32f4xx_it.o(i.DMA2_Stream3_IRQHandler) for DMA2_Stream3_IRQHandler
    startup_stm32f407xx.o(.text) refers to system_stm32f4xx.o(i.SystemInit) for SystemInit
    startup_stm32f407xx.o(.text) refers to entry.o(.ARM.Collect$$$$00000000) for __main
    main.o(i.MX_ADC1_Init) refers to stm32f4xx_hal_adc.o(i.HAL_ADC_Init) for HAL_ADC_Init
    main.o(i.MX_ADC1_Init) refers to stm32f4xx_hal_adc.o(i.HAL_ADC_ConfigChannel) for HAL_ADC_ConfigChannel
    main.o(i.MX_ADC1_Init) refers to main.o(.bss) for .bss
    main.o(i.MX_ADC2_Init) refers to stm32f4xx_hal_adc.o(i.HAL_ADC_Init) for HAL_ADC_Init
    main.o(i.MX_ADC2_Init) refers to stm32f4xx_hal_adc.o(i.HAL_ADC_ConfigChannel) for HAL_ADC_ConfigChannel
    main.o(i.MX_ADC2_Init) refers to main.o(.bss) for .bss
    main.o(i.MX_ADC3_Init) refers to stm32f4xx_hal_adc.o(i.HAL_ADC_Init) for HAL_ADC_Init
    main.o(i.MX_ADC3_Init) refers to stm32f4xx_hal_adc.o(i.HAL_ADC_ConfigChannel) for HAL_ADC_ConfigChannel
    main.o(i.MX_ADC3_Init) refers to main.o(.bss) for .bss
    main.o(i.MX_GPIO_Init) refers to memseta.o(.text) for __aeabi_memclr4
    main.o(i.MX_GPIO_Init) refers to stm32f4xx_hal_gpio.o(i.HAL_GPIO_WritePin) for HAL_GPIO_WritePin
    main.o(i.MX_GPIO_Init) refers to stm32f4xx_hal_gpio.o(i.HAL_GPIO_Init) for HAL_GPIO_Init
    main.o(i.MX_TIM12_Init) refers to memseta.o(.text) for __aeabi_memclr4
    main.o(i.MX_TIM12_Init) refers to stm32f4xx_hal_tim.o(i.HAL_TIM_PWM_Init) for HAL_TIM_PWM_Init
    main.o(i.MX_TIM12_Init) refers to stm32f4xx_hal_tim.o(i.HAL_TIM_PWM_ConfigChannel) for HAL_TIM_PWM_ConfigChannel
    main.o(i.MX_TIM12_Init) refers to stm32f4xx_hal_msp.o(i.HAL_TIM_MspPostInit) for HAL_TIM_MspPostInit
    main.o(i.MX_TIM12_Init) refers to main.o(.bss) for .bss
    main.o(i.MX_TIM5_Init) refers to memseta.o(.text) for __aeabi_memclr4
    main.o(i.MX_TIM5_Init) refers to stm32f4xx_hal_tim.o(i.HAL_TIM_PWM_Init) for HAL_TIM_PWM_Init
    main.o(i.MX_TIM5_Init) refers to stm32f4xx_hal_tim_ex.o(i.HAL_TIMEx_MasterConfigSynchronization) for HAL_TIMEx_MasterConfigSynchronization
    main.o(i.MX_TIM5_Init) refers to stm32f4xx_hal_tim.o(i.HAL_TIM_PWM_ConfigChannel) for HAL_TIM_PWM_ConfigChannel
    main.o(i.MX_TIM5_Init) refers to stm32f4xx_hal_msp.o(i.HAL_TIM_MspPostInit) for HAL_TIM_MspPostInit
    main.o(i.MX_TIM5_Init) refers to main.o(.bss) for .bss
    main.o(i.MX_TIM9_Init) refers to memseta.o(.text) for __aeabi_memclr4
    main.o(i.MX_TIM9_Init) refers to stm32f4xx_hal_tim.o(i.HAL_TIM_PWM_Init) for HAL_TIM_PWM_Init
    main.o(i.MX_TIM9_Init) refers to stm32f4xx_hal_tim.o(i.HAL_TIM_PWM_ConfigChannel) for HAL_TIM_PWM_ConfigChannel
    main.o(i.MX_TIM9_Init) refers to stm32f4xx_hal_msp.o(i.HAL_TIM_MspPostInit) for HAL_TIM_MspPostInit
    main.o(i.MX_TIM9_Init) refers to main.o(.bss) for .bss
    main.o(i.SystemClock_Config) refers to memseta.o(.text) for __aeabi_memclr4
    main.o(i.SystemClock_Config) refers to stm32f4xx_hal_rcc.o(i.HAL_RCC_OscConfig) for HAL_RCC_OscConfig
    main.o(i.SystemClock_Config) refers to stm32f4xx_hal_rcc.o(i.HAL_RCC_ClockConfig) for HAL_RCC_ClockConfig
    main.o(i.main) refers to stm32f4xx_hal.o(i.HAL_Init) for HAL_Init
    main.o(i.main) refers to main.o(i.SystemClock_Config) for SystemClock_Config
    main.o(i.main) refers to main.o(i.MX_GPIO_Init) for MX_GPIO_Init
    main.o(i.main) refers to stm32f4xx_hal_cortex.o(i.HAL_NVIC_SetPriority) for HAL_NVIC_SetPriority
    main.o(i.main) refers to stm32f4xx_hal_cortex.o(i.HAL_NVIC_EnableIRQ) for HAL_NVIC_EnableIRQ
    main.o(i.main) refers to main.o(i.MX_ADC1_Init) for MX_ADC1_Init
[...]
    etharp_request                           0x080051e1   Thumb Code     6  etharp.o(i.etharp_request)
    etharp_tmr                               0x0800520d   Thumb Code    90  etharp.o(i.etharp_tmr)
    ethernet_input                           0x08005389   Thumb Code   160  ethernet.o(i.ethernet_input)
    ethernet_output                          0x0800542d   Thumb Code    98  ethernet.o(i.ethernet_output)
    ethernetif_init                          0x08005525   Thumb Code    50  ethernetif.o(i.ethernetif_init)
    finsh_get_prompt                         0x080055ad   Thumb Code    66  shell.o(i.finsh_get_prompt)
    finsh_set_prompt_mode                    0x0800560d   Thumb Code    34  shell.o(i.finsh_set_prompt_mode)
    finsh_system_function_init               0x0800564d   Thumb Code     8  shell.o(i.finsh_system_function_init)
    finsh_system_init                        0x08005659   Thumb Code    82  shell.o(i.finsh_system_init)
    finsh_thread_entry                       0x080056d1   Thumb Code    46  shell.o(i.finsh_thread_entry)
    fputc                                    0x08005705   Thumb Code    18  fputc.o(i.fputc)
    hello                                    0x08005791   Thumb Code    12  cmd.o(i.hello)
    icmp_dest_unreach                        0x080057b1   Thumb Code     8  icmp.o(i.icmp_dest_unreach)
    icmp_input                               0x080057b9   Thumb Code   280  icmp.o(i.icmp_input)
    icmp_time_exceeded                       0x08005ab1   Thumb Code     8  icmp.o(i.icmp_time_exceeded)
    ip4_addr_isbroadcast_u32                 0x08005ab9   Thumb Code    46  ip4_addr.o(i.ip4_addr_isbroadcast_u32)
    ip4_frag                                 0x08005ae9   Thumb Code   426  ip4_frag.o(i.ip4_frag)
    ip4_input                                0x08005d49   Thumb Code   394  ip4.o(i.ip4_input)
    ip4_output_if                            0x08005f09   Thumb Code    30  ip4.o(i.ip4_output_if)
    ip4_output_if_src                        0x08005f29   Thumb Code   214  ip4.o(i.ip4_output_if_src)
    ip4_reass                                0x080060a1   Thumb Code   482  ip4_frag.o(i.ip4_reass)
    ip4_route                                0x08006329   Thumb Code    86  ip4.o(i.ip4_route)
    ip_reass_tmr                             0x08006935   Thumb Code    40  ip4_frag.o(i.ip_reass_tmr)
    list                                     0x080069f9   Thumb Code    48  cmd.o(i.list)
    list_event                               0x08006a4d   Thumb Code   184  cmd.o(i.list_event)
    list_mailbox                             0x08006c09   Thumb Code   200  cmd.o(i.list_mailbox)
    list_msgqueue                            0x08006d4d   Thumb Code   188  cmd.o(i.list_msgqueue)
    list_mutex                               0x08006e75   Thumb Code   146  cmd.o(i.list_mutex)
    list_sem                                 0x08006f6d   Thumb Code   188  cmd.o(i.list_sem)
    list_thread                              0x08007089   Thumb Code   250  cmd.o(i.list_thread)
    list_timer                               0x08007241   Thumb Code   160  cmd.o(i.list_timer)
    lwip_htonl                               0x08007555   Thumb Code     4  def.o(i.lwip_htonl)
    lwip_htons                               0x08007559   Thumb Code     4  def.o(i.lwip_htons)
    lwip_init                                0x0800755d   Thumb Code    30  init.o(i.lwip_init)
    $Super$$main                             0x0800757d   Thumb Code   178  main.o(i.main)
    main_thread_entry                        0x08007641   Thumb Code    14  components.o(i.main_thread_entry)
    mem_free                                 0x08007651   Thumb Code   168  mem.o(i.mem_free)
    mem_init                                 0x080077f1   Thumb Code    46  mem.o(i.mem_init)
    mem_malloc                               0x08007829   Thumb Code   300  mem.o(i.mem_malloc)
    mem_trim                                 0x08007b4d   Thumb Code   284  mem.o(i.mem_trim)
    memp_free                                0x08007d11   Thumb Code    34  memp.o(i.memp_free)
    memp_init                                0x08007dad   Thumb Code    26  memp.o(i.memp_init)
    memp_init_pool                           0x08007dcd   Thumb Code    42  memp.o(i.memp_init_pool)
    memp_malloc                              0x08007df9   Thumb Code    38  memp.o(i.memp_malloc)
    msh_help                                 0x08007e9d   Thumb Code    56  msh.o(i.msh_help)
    msh_is_used                              0x08007f09   Thumb Code     4  msh.o(i.msh_is_used)
    netif_add                                0x08007f0d   Thumb Code   236  netif.o(i.netif_add)
    netif_get_by_index                       0x080081ed   Thumb Code    34  netif.o(i.netif_get_by_index)
    netif_init                               0x08008215   Thumb Code     2  netif.o(i.netif_init)
    netif_set_addr                           0x080082e1   Thumb Code    90  netif.o(i.netif_set_addr)
    netif_set_default                        0x08008341   Thumb Code     6  netif.o(i.netif_set_default)
    netif_set_down                           0x0800834d   Thumb Code    42  netif.o(i.netif_set_down)
    netif_set_up                             0x080083f5   Thumb Code    40  netif.o(i.netif_set_up)
    pbuf_add_header                          0x080084ad   Thumb Code     6  pbuf.o(i.pbuf_add_header)
    pbuf_alloc                               0x08008575   Thumb Code   298  pbuf.o(i.pbuf_alloc)
    pbuf_alloc_reference                     0x080087a9   Thumb Code    68  pbuf.o(i.pbuf_alloc_reference)
    pbuf_alloced_custom                      0x08008859   Thumb Code    54  pbuf.o(i.pbuf_alloced_custom)
    pbuf_cat                                 0x08008891   Thumb Code    96  pbuf.o(i.pbuf_cat)
    pbuf_chain                               0x080089c1   Thumb Code    18  pbuf.o(i.pbuf_chain)
    pbuf_clen                                0x080089d3   Thumb Code    18  pbuf.o(i.pbuf_clen)
    pbuf_clone                               0x080089e5   Thumb Code    48  pbuf.o(i.pbuf_clone)
    pbuf_copy                                0x08008a81   Thumb Code   232  pbuf.o(i.pbuf_copy)
    pbuf_copy_partial                        0x08008c61   Thumb Code   124  pbuf.o(i.pbuf_copy_partial)
    pbuf_free                                0x08008d79   Thumb Code   158  pbuf.o(i.pbuf_free)
    pbuf_header_force                        0x08008ecd   Thumb Code     6  pbuf.o(i.pbuf_header_force)
    pbuf_realloc                             0x08008efd   Thumb Code   142  pbuf.o(i.pbuf_realloc)
    pbuf_ref                                 0x08009031   Thumb Code    32  pbuf.o(i.pbuf_ref)
    pbuf_remove_header                       0x080090bd   Thumb Code    74  pbuf.o(i.pbuf_remove_header)
    rt_application_init                      0x08009469   Thumb Code    56  components.o(i.rt_application_init)
    rt_assert_handler                        0x080094c9   Thumb Code    46  kservice.o(i.rt_assert_handler)
    rt_components_board_init                 0x08009535   Thumb Code    20  components.o(i.rt_components_board_init)
    rt_components_init                       0x08009551   Thumb Code    20  components.o(i.rt_components_init)
    rt_enter_critical                        0x0800956d   Thumb Code    22  scheduler.o(i.rt_enter_critical)
    rt_exit_critical                         0x08009589   Thumb Code    52  scheduler.o(i.rt_exit_critical)
    rt_hw_board_init                         0x080095c1   Thumb Code    54  board.o(i.rt_hw_board_init)
    rt_hw_console_output                     0x08009601   Thumb Code     2  kservice.o(i.rt_hw_console_output)
    rt_hw_hard_fault_exception               0x08009605   Thumb Code   198  cpuport.o(i.rt_hw_hard_fault_exception)
    rt_hw_stack_init                         0x0800981d   Thumb Code    54  cpuport.o(i.rt_hw_stack_init)
    rt_interrupt_enter                       0x08009859   Thumb Code    22  irq.o(i.rt_interrupt_enter)
    rt_interrupt_get_nest                    0x08009875   Thumb Code     6  irq.o(i.rt_interrupt_get_nest)
    rt_interrupt_leave                       0x08009881   Thumb Code    22  irq.o(i.rt_interrupt_leave)
    rt_kprintf                               0x0800989d   Thumb Code    28  kservice.o(i.rt_kprintf)
    rt_memset                                0x080098fd   Thumb Code    70  kservice.o(i.rt_memset)
    rt_object_detach                         0x08009945   Thumb Code    50  object.o(i.rt_object_detach)
    rt_object_get_information                0x08009991   Thumb Code    30  object.o(i.rt_object_get_information)
    rt_object_get_type                       0x080099b5   Thumb Code    26  object.o(i.rt_object_get_type)
    rt_object_init                           0x080099e9   Thumb Code   116  object.o(i.rt_object_init)
    rt_object_is_systemobject                0x08009a89   Thumb Code    32  object.o(i.rt_object_is_systemobject)
    rt_schedule                              0x08009ac1   Thumb Code    84  scheduler.o(i.rt_schedule)
    rt_schedule_insert_thread                0x08009b21   Thumb Code    84  scheduler.o(i.rt_schedule_insert_thread)
    rt_schedule_remove_thread                0x08009b95   Thumb Code    78  scheduler.o(i.rt_schedule_remove_thread)
    rt_sem_init                              0x08009c05   Thumb Code    68  ipc.o(i.rt_sem_init)
    rt_show_version                          0x08009c71   Thumb Code    40  kservice.o(i.rt_show_version)
    rt_soft_timer_check                      0x08009d21   Thumb Code   106  timer.o(i.rt_soft_timer_check)
    rt_strlen                                0x08009d91   Thumb Code    16  kservice.o(i.rt_strlen)
    rt_strncpy                               0x08009da1   Thumb Code    38  kservice.o(i.rt_strncpy)
    rt_system_scheduler_init                 0x08009dc9   Thumb Code    44  scheduler.o(i.rt_system_scheduler_init)
    rt_system_scheduler_start                0x08009dfd   Thumb Code    32  scheduler.o(i.rt_system_scheduler_start)
    rt_system_timer_init                     0x08009e25   Thumb Code     8  timer.o(i.rt_system_timer_init)
    rt_system_timer_thread_init              0x08009e31   Thumb Code    46  timer.o(i.rt_system_timer_thread_init)
    rt_thread_delay                          0x08009e75   Thumb Code     4  thread.o(i.rt_thread_delay)
    rt_thread_exit                           0x08009e79   Thumb Code    78  thread.o(i.rt_thread_exit)
    rt_thread_idle_excute                    0x08009ed9   Thumb Code   138  idle.o(i.rt_thread_idle_excute)
    rt_thread_idle_init                      0x08009f99   Thumb Code    40  idle.o(i.rt_thread_idle_init)
    rt_thread_init                           0x08009fd1   Thumb Code    80  thread.o(i.rt_thread_init)
    rt_thread_resume                         0x0800a051   Thumb Code    96  thread.o(i.rt_thread_resume)
    rt_thread_self                           0x0800a0cd   Thumb Code     6  thread.o(i.rt_thread_self)
    rt_thread_sleep                          0x0800a0d9   Thumb Code    96  thread.o(i.rt_thread_sleep)
    rt_thread_startup                        0x0800a159   Thumb Code   100  thread.o(i.rt_thread_startup)
    rt_thread_suspend                        0x0800a215   Thumb Code   102  thread.o(i.rt_thread_suspend)
    rt_thread_timeout                        0x0800a299   Thumb Code    92  thread.o(i.rt_thread_timeout)
    rt_thread_yield                          0x0800a385   Thumb Code    86  thread.o(i.rt_thread_yield)
    rt_tick_get                              0x0800a3e5   Thumb Code     6  clock.o(i.rt_tick_get)
    rt_tick_increase                         0x0800a3f1   Thumb Code    38  clock.o(i.rt_tick_increase)
    rt_timer_check                           0x0800a41d   Thumb Code    98  timer.o(i.rt_timer_check)
    rt_timer_control                         0x0800a485   Thumb Code    92  timer.o(i.rt_timer_control)
    rt_timer_detach                          0x0800a535   Thumb Code    82  timer.o(i.rt_timer_detach)
    rt_timer_init                            0x0800a609   Thumb Code    64  timer.o(i.rt_timer_init)
    rt_timer_start                           0x0800a671   Thumb Code   234  timer.o(i.rt_timer_start)
    rt_timer_stop                            0x0800a7dd   Thumb Code    82  timer.o(i.rt_timer_stop)
    rt_vsnprintf                             0x0800a885   Thumb Code   626  kservice.o(i.rt_vsnprintf)
    rtthread_startup                         0x0800ab11   Thumb Code    42  components.o(i.rtthread_startup)
    sys_now                                  0x0800ab95   Thumb Code     4  ethernetif.o(i.sys_now)
    sys_timeout                              0x0800ab99   Thumb Code    46  timeouts.o(i.sys_timeout)
    sys_timeouts_init                        0x0800ad55   Thumb Code    30  timeouts.o(i.sys_timeouts_init)
    tcp_abandon                              0x0800ad7d   Thumb Code   256  tcp.o(i.tcp_abandon)
    tcp_abort                                0x0800af29   Thumb Code     6  tcp.o(i.tcp_abort)
    tcp_alloc                                0x0800af31   Thumb Code   280  tcp.o(i.tcp_alloc)
    tcp_close                                0x0800b055   Thumb Code    48  tcp.o(i.tcp_close)
    tcp_eff_send_mss_netif                   0x0800b515   Thumb Code    54  tcp.o(i.tcp_eff_send_mss_netif)
    tcp_enqueue_flags                        0x0800b5cd   Thumb Code   268  tcp_out.o(i.tcp_enqueue_flags)
    tcp_fasttmr                              0x0800b801   Thumb Code   102  tcp.o(i.tcp_fasttmr)
    tcp_free                                 0x0800b86d   Thumb Code    34  tcp.o(i.tcp_free)
    tcp_free_ooseq                           0x0800ba39   Thumb Code    20  tcp.o(i.tcp_free_ooseq)
    tcp_init                                 0x0800ba75   Thumb Code    20  tcp.o(i.tcp_init)
    tcp_input                                0x0800ba8d   Thumb Code  1584  tcp_in.o(i.tcp_input)
    tcp_keepalive                            0x0800c1b1   Thumb Code    82  tcp_out.o(i.tcp_keepalive)
    tcp_netif_ip_addr_changed                0x0800c541   Thumb Code    70  tcp.o(i.tcp_netif_ip_addr_changed)
    tcp_next_iss                             0x0800c64d   Thumb Code    32  tcp.o(i.tcp_next_iss)
    tcp_output                               0x0800c7f1   Thumb Code   552  tcp_out.o(i.tcp_output)
    tcp_pcb_purge                            0x0800d1e5   Thumb Code    88  tcp.o(i.tcp_pcb_purge)
    tcp_pcb_remove                           0x0800d2b1   Thumb Code   174  tcp.o(i.tcp_pcb_remove)
    tcp_process_refused_data                 0x0800d905   Thumb Code   132  tcp.o(i.tcp_process_refused_data)
    tcp_recv_null                            0x0800e30d   Thumb Code    60  tcp.o(i.tcp_recv_null)
    tcp_recved                               0x0800e3bd   Thumb Code   104  tcp.o(i.tcp_recved)
    tcp_rexmit                               0x0800e515   Thumb Code   118  tcp_out.o(i.tcp_rexmit)
    tcp_rexmit_fast                          0x0800e601   Thumb Code   108  tcp_out.o(i.tcp_rexmit_fast)
    tcp_rexmit_rto                           0x0800e6e9   Thumb Code    42  tcp_out.o(i.tcp_rexmit_rto)
    tcp_rexmit_rto_commit                    0x0800e78d   Thumb Code    44  tcp_out.o(i.tcp_rexmit_rto_commit)
    tcp_rexmit_rto_prepare                   0x0800e839   Thumb Code   118  tcp_out.o(i.tcp_rexmit_rto_prepare)
    tcp_rst                                  0x0800e941   Thumb Code   128  tcp_out.o(i.tcp_rst)
    tcp_seg_copy                             0x0800ea55   Thumb Code    56  tcp.o(i.tcp_seg_copy)
    tcp_seg_free                             0x0800eb01   Thumb Code    28  tcp.o(i.tcp_seg_free)
    tcp_segs_free                            0x0800eb1d   Thumb Code    18  tcp.o(i.tcp_segs_free)
    tcp_send_empty_ack                       0x0800eb31   Thumb Code   110  tcp_out.o(i.tcp_send_empty_ack)
    tcp_send_fin                             0x0800ec1d   Thumb Code    84  tcp_out.o(i.tcp_send_fin)
    tcp_slowtmr                              0x0800ece9   Thumb Code  1360  tcp.o(i.tcp_slowtmr)
    tcp_split_unsent_seg                     0x0800f2b9   Thumb Code   360  tcp_out.o(i.tcp_split_unsent_seg)
    tcp_timer_needed                         0x0800f4e5   Thumb Code    36  timeouts.o(i.tcp_timer_needed)
    tcp_tmr                                  0x0800f619   Thumb Code    28  tcp.o(i.tcp_tmr)
    tcp_trigger_input_pcb_close              0x0800f639   Thumb Code    12  tcp_in.o(i.tcp_trigger_input_pcb_close)
    tcp_update_rcv_ann_wnd                   0x0800f649   Thumb Code    92  tcp.o(i.tcp_update_rcv_ann_wnd)
    tcp_zero_window_probe                    0x0800f73d   Thumb Code   190  tcp_out.o(i.tcp_zero_window_probe)
    udp_bind                                 0x0800f8b5   Thumb Code   186  udp.o(i.udp_bind)
    udp_connect                              0x0800f9e9   Thumb Code   108  udp.o(i.udp_connect)
    udp_init                                 0x0800fae9   Thumb Code    20  udp.o(i.udp_init)
    udp_input                                0x0800fb01   Thumb Code   310  udp.o(i.udp_input)
    udp_netif_ip_addr_changed                0x0800fdf5   Thumb Code    48  udp.o(i.udp_netif_ip_addr_changed)
    udp_new                                  0x0800fe29   Thumb Code    26  udp.o(i.udp_new)
    udp_recv                                 0x0800fe45   Thumb Code    22  udp.o(i.udp_recv)
    udp_remove                               0x0800fecd   Thumb Code    58  udp.o(i.udp_remove)
    udp_sendto_if                            0x0800ff7d   Thumb Code   110  udp.o(i.udp_sendto_if)
    udp_sendto_if_src                        0x080100bd   Thumb Code   274  udp.o(i.udp_sendto_if_src)
    version                                  0x080103d5   Thumb Code    10  cmd.o(i.version)
    AHBPrescTable                            0x080103e6   Data          16  system_stm32f4xx.o(.constdata)
    APBPrescTable                            0x080103f6   Data           8  system_stm32f4xx.o(.constdata)
    ethbroadcast                             0x080103fe   Data           6  ethernet.o(.constdata)
    ethzero                                  0x08010404   Data           6  ethernet.o(.constdata)
    memp_UDP_PCB                             0x0801040c   Data          12  memp.o(.constdata)
    memp_TCP_PCB                             0x08010418   Data          12  memp.o(.constdata)
    memp_TCP_PCB_LISTEN                      0x08010424   Data          12  memp.o(.constdata)
    memp_TCP_SEG                             0x08010430   Data          12  memp.o(.constdata)
    memp_REASSDATA                           0x0801043c   Data          12  memp.o(.constdata)
    memp_FRAG_PBUF                           0x08010448   Data          12  memp.o(.constdata)
    memp_SYS_TIMEOUT                         0x08010454   Data          12  memp.o(.constdata)
    memp_PBUF                                0x08010460   Data          12  memp.o(.constdata)
    memp_PBUF_POOL                           0x0801046c   Data          12  memp.o(.constdata)
    memp_pools                               0x08010478   Data          36  memp.o(.constdata)
    tcp_pcb_lists                            0x080104e0   Data          16  tcp.o(.constdata)
    lwip_cyclic_timers                       0x080104f0   Data          40  timeouts.o(.constdata)
    ip_addr_any                              0x08010518   Data           4  ip4_addr.o(.constdata)
    ip_addr_broadcast                        0x0801051c   Data           4  ip4_addr.o(.constdata)
    __fsym_hello_name                        0x0801056a   Data           6  cmd.o(.constdata)
    __fsym_version_name                      0x08010570   Data           8  cmd.o(.constdata)
    __fsym___cmd_version_name                0x08010578   Data          14  cmd.o(.constdata)
    __fsym_list_thread_name                  0x08010586   Data          12  cmd.o(.constdata)
    __fsym___cmd_list_thread_name            0x08010592   Data          18  cmd.o(.constdata)
    __fsym_list_sem_name                     0x080105a4   Data           9  cmd.o(.constdata)
    __fsym___cmd_list_sem_name               0x080105ad   Data          15  cmd.o(.constdata)
    __fsym_list_event_name                   0x080105bc   Data          11  cmd.o(.constdata)
    __fsym___cmd_list_event_name             0x080105c7   Data          17  cmd.o(.constdata)
    __fsym_list_mutex_name                   0x080105d8   Data          11  cmd.o(.constdata)
    __fsym___cmd_list_mutex_name             0x080105e3   Data          17  cmd.o(.constdata)
    __fsym_list_mailbox_name                 0x080105f4   Data          13  cmd.o(.constdata)
    __fsym___cmd_list_mailbox_name           0x08010601   Data          19  cmd.o(.constdata)
    __fsym_list_msgqueue_name                0x08010614   Data          14  cmd.o(.constdata)
    __fsym___cmd_list_msgqueue_name          0x08010622   Data          20  cmd.o(.constdata)
    __fsym_list_timer_name                   0x08010636   Data          11  cmd.o(.constdata)
    __fsym___cmd_list_timer_name             0x08010641   Data          17  cmd.o(.constdata)
    __fsym_list_name                         0x08010652   Data           5  cmd.o(.constdata)
    __fsym___cmd_help_name                   0x08010657   Data          11  msh.o(.constdata)
    __fsym___cmd_ps_name                     0x08010662   Data           9  msh.o(.constdata)
    __lowest_bit_bitmap                      0x080107fc   Data         256  kservice.o(.constdata)
    __rt_init_rti_start                      0x08010c9c   Data           4  components.o(.rti_fn.0)
    __rt_init_rti_board_start                0x08010ca0   Data           4  components.o(.rti_fn.0.end)
    __rt_init_rti_board_end                  0x08010ca4   Data           4  components.o(.rti_fn.1.end)
    __rt_init_finsh_system_init              0x08010ca8   Data           4  shell.o(.rti_fn.6)
    __rt_init_rti_end                        0x08010cac   Data           4  components.o(.rti_fn.6.end)
    FSymTab$$Base                            0x08010cb0   Number         0  cmd.o(FSymTab)
    __fsym_hello                             0x08010cb0   Data           8  cmd.o(FSymTab)
    __fsym_version                           0x08010cb8   Data           8  cmd.o(FSymTab)
    __fsym___cmd_version                     0x08010cc0   Data           8  cmd.o(FSymTab)
    __fsym_list_thread                       0x08010cc8   Data           8  cmd.o(FSymTab)
    __fsym___cmd_list_thread                 0x08010cd0   Data           8  cmd.o(FSymTab)
    __fsym_list_sem                          0x08010cd8   Data           8  cmd.o(FSymTab)
    __fsym___cmd_list_sem                    0x08010ce0   Data           8  cmd.o(FSymTab)
    __fsym_list_event                        0x08010ce8   Data           8  cmd.o(FSymTab)
    __fsym___cmd_list_event                  0x08010cf0   Data           8  cmd.o(FSymTab)
    __fsym_list_mutex                        0x08010cf8   Data           8  cmd.o(FSymTab)
    __fsym___cmd_list_mutex                  0x08010d00   Data           8  cmd.o(FSymTab)
    __fsym_list_mailbox                      0x08010d08   Data           8  cmd.o(FSymTab)
    __fsym___cmd_list_mailbox                0x08010d10   Data           8  cmd.o(FSymTab)
    __fsym_list_msgqueue                     0x08010d18   Data           8  cmd.o(FSymTab)
    __fsym___cmd_list_msgqueue               0x08010d20   Data           8  cmd.o(FSymTab)
    __fsym_list_timer                        0x08010d28   Data           8  cmd.o(FSymTab)
    __fsym___cmd_list_timer                  0x08010d30   Data           8  cmd.o(FSymTab)
    __fsym_list                              0x08010d38   Data           8  cmd.o(FSymTab)
    __fsym___cmd_help                        0x08010d40   Data           8  msh.o(FSymTab)
    __fsym___cmd_ps                          0x08010d48   Data           8  msh.o(FSymTab)
    FSymTab$$Limit                           0x08010d50   Number         0  msh.o(FSymTab)
    Region$$Table$$Base                      0x08010d50   Number         0  anon$$obj.o(Region$$Table)
    Region$$Table$$Limit                     0x08010d70   Number         0  anon$$obj.o(Region$$Table)
    ipaddr                                   0x20000000   Data           4  lwip.o(.data)
    netmask                                  0x20000004   Data           4  lwip.o(.data)
    gw                                       0x20000008   Data           4  lwip.o(.data)
    uwTickFreq                               0x2000000c   Data           1  stm32f4xx_hal.o(.data)
    uwTickPrio                               0x20000010   Data           4  stm32f4xx_hal.o(.data)
    uwTick                                   0x20000014   Data           4  stm32f4xx_hal.o(.data)
    SystemCoreClock                          0x20000018   Data           4  system_stm32f4xx.o(.data)
    netif_list                               0x20000050   Data           4  netif.o(.data)
    netif_default                            0x20000054   Data           4  netif.o(.data)
    pbuf_free_ooseq_pending                  0x20000058   Data           1  pbuf.o(.data)
    tcp_active_pcbs_changed                  0x2000005c   Data           1  tcp.o(.data)
    tcp_ticks                                0x20000068   Data           4  tcp.o(.data)
    tcp_bound_pcbs                           0x2000006c   Data           4  tcp.o(.data)
    tcp_listen_pcbs                          0x20000070   Data           4  tcp.o(.data)
    tcp_active_pcbs                          0x20000074   Data           4  tcp.o(.data)
    tcp_tw_pcbs                              0x20000078   Data           4  tcp.o(.data)
    tcp_input_pcb                            0x2000009c   Data           4  tcp_in.o(.data)
    udp_pcbs                                 0x200000b0   Data           4  udp.o(.data)
    dhcp_rx_options_given                    0x200000c0   Data           8  dhcp.o(.data)
    _syscall_table_begin                     0x200000d4   Data           4  shell.o(.data)
    _syscall_table_end                       0x200000d8   Data           4  shell.o(.data)
    _sysvar_table_begin                      0x200000dc   Data           4  shell.o(.data)
    _sysvar_table_end                        0x200000e0   Data           4  shell.o(.data)
    shell                                    0x200000e8   Data           4  shell.o(.data)
    rt_interrupt_nest                        0x200000f0   Data           1  irq.o(.data)
    rt_assert_hook                           0x200000f8   Data           4  kservice.o(.data)
    rt_current_priority                      0x2000016c   Data           1  scheduler.o(.data)
    rt_current_thread                        0x20000170   Data           4  scheduler.o(.data)
    rt_thread_ready_priority_group           0x20000174   Data           4  scheduler.o(.data)
    rt_thread_defunct                        0x20000178   Data           8  scheduler.o(.data)
    rt_interrupt_from_thread                 0x20000198   Data           4  cpuport.o(.data)
    rt_interrupt_to_thread                   0x2000019c   Data           4  cpuport.o(.data)
    rt_thread_switch_interrupt_flag          0x200001a0   Data           4  cpuport.o(.data)
    __stdout                                 0x200001a8   Data           4  stdout.o(.data)
    hadc1                                    0x200001ac   Data          72  main.o(.bss)
    hadc2                                    0x200001f4   Data          72  main.o(.bss)
    hadc3                                    0x2000023c   Data          72  main.o(.bss)
    hdac                                     0x20000284   Data          20  main.o(.bss)
    htim5                                    0x20000298   Data          64  main.o(.bss)
    htim9                                    0x200002d8   Data          64  main.o(.bss)
    htim12                                   0x20000318   Data          64  main.o(.bss)
    huart1                                   0x20000358   Data          64  main.o(.bss)
    hdma_adc1                                0x20000398   Data          96  main.o(.bss)
    hdma_adc2                                0x200003f8   Data          96  main.o(.bss)
    hdma_adc3                                0x20000458   Data          96  main.o(.bss)
    gnetif                                   0x200004b8   Data          52  lwip.o(.bss)
    DMARxDscrTab                             0x200004ec   Data         128  ethernetif.o(.bss)
    DMATxDscrTab                             0x2000056c   Data         128  ethernetif.o(.bss)
    Rx_Buff                                  0x200005ec   Data        6096  ethernetif.o(.bss)
    Tx_Buff                                  0x20001dbc   Data        6096  ethernetif.o(.bss)
    heth                                     0x2000358c   Data          72  ethernetif.o(.bss)
    ip_data                                  0x200035d4   Data          24  ip.o(.bss)
    ram_heap                                 0x200035ec   Data        1619  mem.o(.bss)
    memp_memory_UDP_PCB_base                 0x20003c3f   Data         131  memp.o(.bss)
    memp_memory_TCP_PCB_base                 0x20003cc2   Data         783  memp.o(.bss)
    memp_memory_TCP_PCB_LISTEN_base          0x20003fd1   Data         227  memp.o(.bss)
    memp_memory_TCP_SEG_base                 0x200040b4   Data         259  memp.o(.bss)
    memp_memory_REASSDATA_base               0x200041b7   Data         163  memp.o(.bss)
    memp_memory_FRAG_PBUF_base               0x2000425a   Data         363  memp.o(.bss)
    memp_memory_SYS_TIMEOUT_base             0x200043c5   Data          83  memp.o(.bss)
    memp_memory_PBUF_base                    0x20004418   Data         259  memp.o(.bss)
    memp_memory_PBUF_POOL_base               0x2000451b   Data        9731  memp.o(.bss)
    dhcp_rx_options_val                      0x20006b30   Data          32  dhcp.o(.bss)
    _shell                                   0x20006f44   Data         120  shell.o(.bss)
    main_thread                              0x200073c0   Data         128  components.o(.bss)
    rt_thread_priority_table                 0x200075c0   Data         256  scheduler.o(.bss)
    __initial_sp                             0x20007d40   Data           0  startup_stm32f407xx.o(STACK)



==============================================================================

Memory Map of the image

  Image Entry point : 0x08000189

  Load Region LR_IROM1 (Base: 0x08000000, Size: 0x00010f1c, Max: 0x00100000, ABSOLUTE, COMPRESSED[0x00010dc8])

    Execution Region ER_IROM1 (Exec base: 0x08000000, Load base: 0x08000000, Size: 0x00010d70, Max: 0x00100000, ABSOLUTE)

    Exec Addr    Load Addr    Size         Type   Attr      Idx    E Section Name        Object

    0x08000000   0x08000000   0x00000188   Data   RO            3    RESET               startup_stm32f407xx.o
    0x08000188   0x08000188   0x00000000   Code   RO         8675  * .ARM.Collect$$$$00000000  mc_w.l(entry.o)
    0x08000188   0x08000188   0x00000004   Code   RO         8996    .ARM.Collect$$$$00000001  mc_w.l(entry2.o)
    0x0800018c   0x0800018c   0x00000004   Code   RO         8999    .ARM.Collect$$$$00000004  mc_w.l(entry5.o)
    0x08000190   0x08000190   0x00000000   Code   RO         9001    .ARM.Collect$$$$00000008  mc_w.l(entry7b.o)
    0x08000190   0x08000190   0x00000000   Code   RO         9003    .ARM.Collect$$$$0000000A  mc_w.l(entry8b.o)
    0x08000190   0x08000190   0x00000008   Code   RO         9004    .ARM.Collect$$$$0000000B  mc_w.l(entry9a.o)
    0x08000198   0x08000198   0x00000000   Code   RO         9006    .ARM.Collect$$$$0000000D  mc_w.l(entry10a.o)
    0x08000198   0x08000198   0x00000000   Code   RO         9008    .ARM.Collect$$$$0000000F  mc_w.l(entry11a.o)
    0x08000198   0x08000198   0x00000004   Code   RO         8997    .ARM.Collect$$$$00002712  mc_w.l(entry2.o)
    0x0800019c   0x0800019c   0x00000024   Code   RO            4    .text               startup_stm32f407xx.o
    0x080001c0   0x080001c0   0x00000134   Code   RO         7711    .text               context_rvds.o
    0x080002f4   0x080002f4   0x00000062   Code   RO         8678    .text               mc_w.l(uldiv.o)
    0x08000356   0x08000356   0x00000002   PAD
    0x08000358   0x08000358   0x00000024   Code   RO         8708    .text               mc_w.l(rand.o)
    0x0800037c   0x0800037c   0x00000040   Code   RO         8713    .text               mc_w.l(memmovea.o)
    0x080003bc   0x080003bc   0x00000024   Code   RO         8715    .text               mc_w.l(memseta.o)
    0x080003e0   0x080003e0   0x00000018   Code   RO         8717    .text               mc_w.l(strcat.o)
    0x080003f8   0x080003f8   0x00000018   Code   RO         8719    .text               mc_w.l(strncpy.o)
    0x08000410   0x08000410   0x0000001a   Code   RO         8723    .text               mc_w.l(memcmp.o)
    0x0800042a   0x0800042a   0x00000012   Code   RO         8725    .text               mc_w.l(strcpy.o)
    0x0800043c   0x0800043c   0x0000001e   Code   RO         8727    .text               mc_w.l(strncmp.o)
    0x0800045a   0x0800045a   0x0000002c   Code   RO         9013    .text               mc_w.l(uidiv.o)
    0x08000486   0x08000486   0x0000001e   Code   RO         9015    .text               mc_w.l(llshl.o)
    0x080004a4   0x080004a4   0x00000020   Code   RO         9017    .text               mc_w.l(llushr.o)
    0x080004c4   0x080004c4   0x00000024   Code   RO         9039    .text               mc_w.l(init.o)
    0x080004e8   0x080004e8   0x00000000   Code   RO         9041    .text               mc_w.l(semi.o)
    0x080004e8   0x080004e8   0x00000000   Code   RO         9046    .text               mc_w.l(iusesemip.o)
    0x080004e8   0x080004e8   0x00000056   Code   RO         9059    .text               mc_w.l(__dczerorl2.o)
    0x0800053e   0x0800053e   0x0000000a   Code   RO         7772    i.$Sub$$main        components.o
    0x08000548   0x08000548   0x00000128   Code   RO         1929    i.ADC_Init          stm32f4xx_hal_adc.o
    0x08000670   0x08000670   0x00000002   Code   RO          486    i.BusFault_Handler  stm32f4xx_it.o
    0x08000672   0x08000672   0x00000002   PAD
    0x08000674   0x08000674   0x0000000c   Code   RO          487    i.DMA2_Stream0_IRQHandler  stm32f4xx_it.o
    0x08000680   0x08000680   0x0000000c   Code   RO          488    i.DMA2_Stream1_IRQHandler  stm32f4xx_it.o
    0x0800068c   0x0800068c   0x0000000c   Code   RO          489    i.DMA2_Stream3_IRQHandler  stm32f4xx_it.o
    0x08000698   0x08000698   0x00000028   Code   RO         1253    i.DMA_CalcBaseAndBitshift  stm32f4xx_hal_dma.o
    0x080006c0   0x080006c0   0x00000054   Code   RO         1254    i.DMA_CheckFifoParam  stm32f4xx_hal_dma.o
    0x08000714   0x08000714   0x00000002   Code   RO          490    i.DebugMon_Handler  stm32f4xx_it.o
    0x08000716   0x08000716   0x00000002   PAD
    0x08000718   0x08000718   0x00000020   Code   RO          641    i.ETH_Delay         stm32f4xx_hal_eth.o
    0x08000738   0x08000738   0x0000002e   Code   RO          642    i.ETH_FlushTransmitFIFO  stm32f4xx_hal_eth.o
    0x08000766   0x08000766   0x00000002   PAD
    0x08000768   0x08000768   0x00000124   Code   RO          643    i.ETH_MACDMAConfig  stm32f4xx_hal_eth.o
    0x0800088c   0x0800088c   0x00000002   Code   RO           13    i.Error_Handler     main.o
    0x0800088e   0x0800088e   0x00000002   PAD
    0x08000890   0x08000890   0x0000014c   Code   RO         1931    i.HAL_ADC_ConfigChannel  stm32f4xx_hal_adc.o
    0x080009dc   0x080009dc   0x00000054   Code   RO         1940    i.HAL_ADC_Init      stm32f4xx_hal_adc.o
    0x08000a30   0x08000a30   0x000001b4   Code   RO          563    i.HAL_ADC_MspInit   stm32f4xx_hal_msp.o
    0x08000be4   0x08000be4   0x00000042   Code   RO         2204    i.HAL_DAC_ConfigChannel  stm32f4xx_hal_dac.o
    0x08000c26   0x08000c26   0x00000028   Code   RO         2214    i.HAL_DAC_Init      stm32f4xx_hal_dac.o
    0x08000c4e   0x08000c4e   0x00000002   PAD
    0x08000c50   0x08000c50   0x00000060   Code   RO          565    i.HAL_DAC_MspInit   stm32f4xx_hal_msp.o
    0x08000cb0   0x08000cb0   0x000001a0   Code   RO         1261    i.HAL_DMA_IRQHandler  stm32f4xx_hal_dma.o
    0x08000e50   0x08000e50   0x000000d4   Code   RO         1262    i.HAL_DMA_Init      stm32f4xx_hal_dma.o
    0x08000f24   0x08000f24   0x00000024   Code   RO         1675    i.HAL_Delay         stm32f4xx_hal.o
    0x08000f48   0x08000f48   0x00000074   Code   RO          646    i.HAL_ETH_DMARxDescListInit  stm32f4xx_hal_eth.o
    0x08000fbc   0x08000fbc   0x00000078   Code   RO          647    i.HAL_ETH_DMATxDescListInit  stm32f4xx_hal_eth.o
    0x08001034   0x08001034   0x000001ec   Code   RO          654    i.HAL_ETH_Init      stm32f4xx_hal_eth.o
    0x08001220   0x08001220   0x000000d8   Code   RO          402    i.HAL_ETH_MspInit   ethernetif.o
    0x080012f8   0x080012f8   0x00000084   Code   RO          657    i.HAL_ETH_ReadPHYRegister  stm32f4xx_hal_eth.o
    0x0800137c   0x0800137c   0x00000084   Code   RO          659    i.HAL_ETH_Start     stm32f4xx_hal_eth.o
    0x08001400   0x08001400   0x00000108   Code   RO          661    i.HAL_ETH_TransmitFrame  stm32f4xx_hal_eth.o
    0x08001508   0x08001508   0x00000078   Code   RO          663    i.HAL_ETH_WritePHYRegister  stm32f4xx_hal_eth.o
    0x08001580   0x08001580   0x000001b8   Code   RO         1149    i.HAL_GPIO_Init     stm32f4xx_hal_gpio.o
    0x08001738   0x08001738   0x0000000a   Code   RO         1153    i.HAL_GPIO_WritePin  stm32f4xx_hal_gpio.o
    0x08001742   0x08001742   0x00000002   PAD
    0x08001744   0x08001744   0x0000000c   Code   RO         1681    i.HAL_GetTick       stm32f4xx_hal.o
    0x08001750   0x08001750   0x00000034   Code   RO         1688    i.HAL_Init          stm32f4xx_hal.o
    0x08001784   0x08001784   0x00000040   Code   RO         1689    i.HAL_InitTick      stm32f4xx_hal.o
    0x080017c4   0x080017c4   0x00000030   Code   RO          566    i.HAL_MspInit       stm32f4xx_hal_msp.o
    0x080017f4   0x080017f4   0x0000001a   Code   RO         1538    i.HAL_NVIC_EnableIRQ  stm32f4xx_hal_cortex.o
    0x0800180e   0x0800180e   0x00000002   PAD
    0x08001810   0x08001810   0x00000040   Code   RO         1544    i.HAL_NVIC_SetPriority  stm32f4xx_hal_cortex.o
    0x08001850   0x08001850   0x00000024   Code   RO         1545    i.HAL_NVIC_SetPriorityGrouping  stm32f4xx_hal_cortex.o
    0x08001874   0x08001874   0x00000134   Code   RO          795    i.HAL_RCC_ClockConfig  stm32f4xx_hal_rcc.o
    0x080019a8   0x080019a8   0x0000000c   Code   RO          800    i.HAL_RCC_GetHCLKFreq  stm32f4xx_hal_rcc.o
    0x080019b4   0x080019b4   0x00000020   Code   RO          802    i.HAL_RCC_GetPCLK1Freq  stm32f4xx_hal_rcc.o
    0x080019d4   0x080019d4   0x00000020   Code   RO          803    i.HAL_RCC_GetPCLK2Freq  stm32f4xx_hal_rcc.o
    0x080019f4   0x080019f4   0x00000060   Code   RO          804    i.HAL_RCC_GetSysClockFreq  stm32f4xx_hal_rcc.o
    0x08001a54   0x08001a54   0x0000035c   Code   RO          807    i.HAL_RCC_OscConfig  stm32f4xx_hal_rcc.o
    0x08001db0   0x08001db0   0x00000028   Code   RO         1549    i.HAL_SYSTICK_Config  stm32f4xx_hal_cortex.o
    0x08001dd8   0x08001dd8   0x00000090   Code   RO         3121    i.HAL_TIMEx_MasterConfigSynchronization  stm32f4xx_hal_tim_ex.o
    0x08001e68   0x08001e68   0x000000b4   Code   RO          567    i.HAL_TIM_MspPostInit  stm32f4xx_hal_msp.o
    0x08001f1c   0x08001f1c   0x000000d0   Code   RO         2495    i.HAL_TIM_PWM_ConfigChannel  stm32f4xx_hal_tim.o
    0x08001fec   0x08001fec   0x00000036   Code   RO         2498    i.HAL_TIM_PWM_Init  stm32f4xx_hal_tim.o
    0x08002022   0x08002022   0x00000002   PAD
    0x08002024   0x08002024   0x00000060   Code   RO          569    i.HAL_TIM_PWM_MspInit  stm32f4xx_hal_msp.o
    0x08002084   0x08002084   0x00000062   Code   RO         3379    i.HAL_UART_Init     stm32f4xx_hal_uart.o
    0x080020e6   0x080020e6   0x00000002   PAD
    0x080020e8   0x080020e8   0x0000006c   Code   RO          571    i.HAL_UART_MspInit  stm32f4xx_hal_msp.o
    0x08002154   0x08002154   0x00000058   Code   RO           14    i.MX_ADC1_Init      main.o
    0x080021ac   0x080021ac   0x00000058   Code   RO           15    i.MX_ADC2_Init      main.o
    0x08002204   0x08002204   0x000000c4   Code   RO           16    i.MX_ADC3_Init      main.o
    0x080022c8   0x080022c8   0x00000150   Code   RO           17    i.MX_GPIO_Init      main.o
    0x08002418   0x08002418   0x00000064   Code   RO          335    i.MX_LWIP_Init      lwip.o
    0x0800247c   0x0800247c   0x00000048   Code   RO           18    i.MX_TIM12_Init     main.o
    0x080024c4   0x080024c4   0x00000070   Code   RO           19    i.MX_TIM5_Init      main.o
    0x08002534   0x08002534   0x00000060   Code   RO           20    i.MX_TIM9_Init      main.o
    0x08002594   0x08002594   0x00000002   Code   RO          491    i.MemManage_Handler  stm32f4xx_it.o
    0x08002596   0x08002596   0x00000002   Code   RO          492    i.NMI_Handler       stm32f4xx_it.o
    0x08002598   0x08002598   0x00000002   Code   RO          493    i.SVC_Handler       stm32f4xx_it.o
    0x0800259a   0x0800259a   0x00000012   Code   RO         7715    i.SysTick_Handler   board.o
    0x080025ac   0x080025ac   0x00000088   Code   RO           21    i.SystemClock_Config  main.o
    0x08002634   0x08002634   0x00000078   Code   RO         3680    i.SystemCoreClockUpdate  system_stm32f4xx.o
    0x080026ac   0x080026ac   0x0000001c   Code   RO         3681    i.SystemInit        system_stm32f4xx.o
    0x080026c8   0x080026c8   0x000000c8   Code   RO         2516    i.TIM_Base_SetConfig  stm32f4xx_hal_tim.o
    0x08002790   0x08002790   0x00000060   Code   RO         2529    i.TIM_OC1_SetConfig  stm32f4xx_hal_tim.o
    0x080027f0   0x080027f0   0x0000006c   Code   RO         2530    i.TIM_OC2_SetConfig  stm32f4xx_hal_tim.o
    0x0800285c   0x0800285c   0x00000068   Code   RO         2531    i.TIM_OC3_SetConfig  stm32f4xx_hal_tim.o
    0x080028c4   0x080028c4   0x00000050   Code   RO         2532    i.TIM_OC4_SetConfig  stm32f4xx_hal_tim.o
    0x08002914   0x08002914   0x00000128   Code   RO         3405    i.UART_SetConfig    stm32f4xx_hal_uart.o
    0x08002a3c   0x08002a3c   0x00000002   Code   RO          494    i.UsageFault_Handler  stm32f4xx_it.o
    0x08002a3e   0x08002a3e   0x00000002   PAD
    0x08002a40   0x08002a40   0x00000020   Code   RO         8822    i.__0printf$3       mc_w.l(printf3.o)
    0x08002a60   0x08002a60   0x00000020   Code   RO         1551    i.__NVIC_SetPriority  stm32f4xx_hal_cortex.o
    0x08002a80   0x08002a80   0x00000044   Code   RO         8109    i.__rt_ffs          kservice.o
    0x08002ac4   0x08002ac4   0x0000000e   Code   RO         9053    i.__scatterload_copy  mc_w.l(handlers.o)
    0x08002ad2   0x08002ad2   0x00000002   Code   RO         9054    i.__scatterload_null  mc_w.l(handlers.o)
    0x08002ad4   0x08002ad4   0x0000000e   Code   RO         9055    i.__scatterload_zeroinit  mc_w.l(handlers.o)
    0x08002ae2   0x08002ae2   0x00000002   PAD
    0x08002ae4   0x08002ae4   0x00000014   Code   RO         7842    i._has_defunct_thread  idle.o
    0x08002af8   0x08002af8   0x000001b8   Code   RO         8829    i._printf_core      mc_w.l(printf3.o)
    0x08002cb0   0x08002cb0   0x000000c0   Code   RO         8340    i._rt_scheduler_stack_check  scheduler.o
    0x08002d70   0x08002d70   0x000000ac   Code   RO         8408    i._rt_thread_init   thread.o
    0x08002e1c   0x08002e1c   0x00000012   Code   RO         8519    i._rt_timer_remove  timer.o
    0x08002e2e   0x08002e2e   0x00000002   PAD
    0x08002e30   0x08002e30   0x000000e8   Code   RO         8612    i.bus_fault_track   cpuport.o
    0x08002f18   0x08002f18   0x0000000a   Code   RO         7660    i.cmd_ps            msh.o
    0x08002f22   0x08002f22   0x00000002   PAD
    0x08002f24   0x08002f24   0x0000009c   Code   RO         6436    i.dhcp_arp_reply    dhcp.o
    0x08002fc0   0x08002fc0   0x00000188   Code   RO         6437    i.dhcp_bind         dhcp.o
    0x08003148   0x08003148   0x00000034   Code   RO         6438    i.dhcp_check        dhcp.o
    0x0800317c   0x0800317c   0x000000ac   Code   RO         6440    i.dhcp_coarse_tmr   dhcp.o
    0x08003228   0x08003228   0x000001e4   Code   RO         6441    i.dhcp_create_msg   dhcp.o
    0x0800340c   0x0800340c   0x000000b8   Code   RO         6442    i.dhcp_dec_pcb_refcount  dhcp.o
    0x080034c4   0x080034c4   0x0000009c   Code   RO         6443    i.dhcp_decline      dhcp.o
    0x08003560   0x08003560   0x000000e8   Code   RO         6444    i.dhcp_discover     dhcp.o
    0x08003648   0x08003648   0x00000034   Code   RO         6445    i.dhcp_fine_tmr     dhcp.o
    0x0800367c   0x0800367c   0x00000064   Code   RO         6446    i.dhcp_handle_ack   dhcp.o
    0x080036e0   0x080036e0   0x000000ec   Code   RO         6447    i.dhcp_inc_pcb_refcount  dhcp.o
    0x080037cc   0x080037cc   0x00000098   Code   RO         6450    i.dhcp_option       dhcp.o
    0x08003864   0x08003864   0x000000bc   Code   RO         6451    i.dhcp_option_byte  dhcp.o
    0x08003920   0x08003920   0x000000d8   Code   RO         6452    i.dhcp_option_long  dhcp.o
    0x080039f8   0x080039f8   0x000000c8   Code   RO         6453    i.dhcp_option_short  dhcp.o
    0x08003ac0   0x08003ac0   0x00000020   Code   RO         6454    i.dhcp_option_trailer  dhcp.o
    0x08003ae0   0x08003ae0   0x00000390   Code   RO         6455    i.dhcp_parse_reply  dhcp.o
    0x08003e70   0x08003e70   0x000000d8   Code   RO         6456    i.dhcp_rebind       dhcp.o
    0x08003f48   0x08003f48   0x00000100   Code   RO         6457    i.dhcp_reboot       dhcp.o
    0x08004048   0x08004048   0x00000120   Code   RO         6458    i.dhcp_recv         dhcp.o
    0x08004168   0x08004168   0x000000bc   Code   RO         6460    i.dhcp_release_and_stop  dhcp.o
    0x08004224   0x08004224   0x000000d8   Code   RO         6461    i.dhcp_renew        dhcp.o
    0x080042fc   0x080042fc   0x00000200   Code   RO         6462    i.dhcp_select       dhcp.o
    0x080044fc   0x080044fc   0x00000010   Code   RO         6463    i.dhcp_set_state    dhcp.o
    0x0800450c   0x0800450c   0x00000128   Code   RO         6465    i.dhcp_start        dhcp.o
    0x08004634   0x08004634   0x0000001c   Code   RO         6467    i.dhcp_supplied_address  dhcp.o
    0x08004650   0x08004650   0x0000006c   Code   RO         6468    i.dhcp_timeout      dhcp.o
    0x080046bc   0x080046bc   0x0000009c   Code   RO         5025    i.do_memp_free_pool  memp.o
    0x08004758   0x08004758   0x000000a4   Code   RO         5026    i.do_memp_malloc_pool  memp.o
    0x080047fc   0x080047fc   0x0000002c   Code   RO         6643    i.etharp_cleanup_netif  etharp.o
    0x08004828   0x08004828   0x00000260   Code   RO         6645    i.etharp_find_entry  etharp.o
    0x08004a88   0x08004a88   0x00000024   Code   RO         6646    i.etharp_free_entry  etharp.o
    0x08004aac   0x08004aac   0x00000118   Code   RO         6648    i.etharp_input      etharp.o
    0x08004bc4   0x08004bc4   0x000001b0   Code   RO         6649    i.etharp_output     etharp.o
    0x08004d74   0x08004d74   0x00000110   Code   RO         6650    i.etharp_output_to_arp_index  etharp.o
    0x08004e84   0x08004e84   0x000001e8   Code   RO         6651    i.etharp_query      etharp.o
    0x0800506c   0x0800506c   0x00000174   Code   RO         6652    i.etharp_raw        etharp.o
    0x080051e0   0x080051e0   0x0000000c   Code   RO         6653    i.etharp_request    etharp.o
    0x080051ec   0x080051ec   0x00000020   Code   RO         6654    i.etharp_request_dst  etharp.o
    0x0800520c   0x0800520c   0x00000060   Code   RO         6655    i.etharp_tmr        etharp.o
    0x0800526c   0x0800526c   0x0000011c   Code   RO         6656    i.etharp_update_arp_entry  etharp.o
    0x08005388   0x08005388   0x000000a4   Code   RO         4282    i.ethernet_input    ethernet.o
    0x0800542c   0x0800542c   0x000000f8   Code   RO         4283    i.ethernet_output   ethernet.o
    0x08005524   0x08005524   0x00000088   Code   RO          403    i.ethernetif_init   ethernetif.o
    0x080055ac   0x080055ac   0x00000060   Code   RO         7413    i.finsh_get_prompt  shell.o
    0x0800560c   0x0800560c   0x00000040   Code   RO         7416    i.finsh_set_prompt_mode  shell.o
    0x0800564c   0x0800564c   0x0000000c   Code   RO         7417    i.finsh_system_function_init  shell.o
    0x08005658   0x08005658   0x00000078   Code   RO         7418    i.finsh_system_init  shell.o
    0x080056d0   0x080056d0   0x00000034   Code   RO         7420    i.finsh_thread_entry  shell.o
    0x08005704   0x08005704   0x00000012   Code   RO         9010    i.fputc             mc_w.l(fputc.o)
    0x08005716   0x08005716   0x00000002   PAD
    0x08005718   0x08005718   0x00000078   Code   RO         8613    i.hard_fault_track  cpuport.o
    0x08005790   0x08005790   0x00000020   Code   RO         7535    i.hello             cmd.o
    0x080057b0   0x080057b0   0x00000008   Code   RO         6743    i.icmp_dest_unreach  icmp.o
    0x080057b8   0x080057b8   0x000001e8   Code   RO         6744    i.icmp_input        icmp.o
    0x080059a0   0x080059a0   0x00000110   Code   RO         6745    i.icmp_send_response  icmp.o
    0x08005ab0   0x08005ab0   0x00000008   Code   RO         6746    i.icmp_time_exceeded  icmp.o
    0x08005ab8   0x08005ab8   0x0000002e   Code   RO         6864    i.ip4_addr_isbroadcast_u32  ip4_addr.o
    0x08005ae6   0x08005ae6   0x00000002   PAD
    0x08005ae8   0x08005ae8   0x00000260   Code   RO         6933    i.ip4_frag          ip4_frag.o
    0x08005d48   0x08005d48   0x00000194   Code   RO         6809    i.ip4_input         ip4.o
    0x08005edc   0x08005edc   0x0000002c   Code   RO         6810    i.ip4_input_accept  ip4.o
    0x08005f08   0x08005f08   0x0000001e   Code   RO         6812    i.ip4_output_if     ip4.o
    0x08005f26   0x08005f26   0x00000002   PAD
    0x08005f28   0x08005f28   0x00000178   Code   RO         6813    i.ip4_output_if_src  ip4.o
    0x080060a0   0x080060a0   0x00000288   Code   RO         6934    i.ip4_reass         ip4_frag.o
    0x08006328   0x08006328   0x00000060   Code   RO         6814    i.ip4_route         ip4.o
    0x08006388   0x08006388   0x00000090   Code   RO         6935    i.ip_frag_free_pbuf_custom_ref  ip4_frag.o
    0x08006418   0x08006418   0x00000248   Code   RO         6936    i.ip_reass_chain_frag_into_datagram_and_validate  ip4_frag.o
    0x08006660   0x08006660   0x000000bc   Code   RO         6937    i.ip_reass_dequeue_datagram  ip4_frag.o
    0x0800671c   0x0800671c   0x00000198   Code   RO         6938    i.ip_reass_free_complete_datagram  ip4_frag.o
    0x080068b4   0x080068b4   0x00000080   Code   RO         6939    i.ip_reass_remove_oldest_datagram  ip4_frag.o
    0x08006934   0x08006934   0x0000002c   Code   RO         6940    i.ip_reass_tmr      ip4_frag.o
    0x08006960   0x08006960   0x00000098   Code   RO         6941    i.ipfrag_free_pbuf_custom  ip4_frag.o
    0x080069f8   0x080069f8   0x00000054   Code   RO         7536    i.list              cmd.o
    0x08006a4c   0x08006a4c   0x00000130   Code   RO         7537    i.list_event        cmd.o
    0x08006b7c   0x08006b7c   0x00000024   Code   RO         7538    i.list_find_init    cmd.o
    0x08006ba0   0x08006ba0   0x00000066   Code   RO         7539    i.list_get_next     cmd.o
    0x08006c06   0x08006c06   0x00000002   PAD
    0x08006c08   0x08006c08   0x00000144   Code   RO         7540    i.list_mailbox      cmd.o
    0x08006d4c   0x08006d4c   0x00000128   Code   RO         7541    i.list_msgqueue     cmd.o
    0x08006e74   0x08006e74   0x000000f8   Code   RO         7542    i.list_mutex        cmd.o
    0x08006f6c   0x08006f6c   0x0000011c   Code   RO         7543    i.list_sem          cmd.o
    0x08007088   0x08007088   0x000001b8   Code   RO         7544    i.list_thread       cmd.o
    0x08007240   0x08007240   0x00000140   Code   RO         7545    i.list_timer        cmd.o
    0x08007380   0x08007380   0x000000f0   Code   RO          405    i.low_level_init    ethernetif.o
    0x08007470   0x08007470   0x000000a8   Code   RO          407    i.low_level_output  ethernetif.o
    0x08007518   0x08007518   0x0000003c   Code   RO         6204    i.lwip_cyclic_timer  timeouts.o
    0x08007554   0x08007554   0x00000004   Code   RO         4698    i.lwip_htonl        def.o
    0x08007558   0x08007558   0x00000004   Code   RO         4699    i.lwip_htons        def.o
    0x0800755c   0x0800755c   0x0000001e   Code   RO         4850    i.lwip_init         init.o
    0x0800757a   0x0800757a   0x00000002   PAD
    0x0800757c   0x0800757c   0x000000c4   Code   RO           22    i.main              main.o
    0x08007640   0x08007640   0x0000000e   Code   RO         7773    i.main_thread_entry  components.o
    0x0800764e   0x0800764e   0x00000002   PAD
    0x08007650   0x08007650   0x000001a0   Code   RO         4952    i.mem_free          mem.o
    0x080077f0   0x080077f0   0x00000038   Code   RO         4953    i.mem_init          mem.o
    0x08007828   0x08007828   0x0000023c   Code   RO         4954    i.mem_malloc        mem.o
    0x08007a64   0x08007a64   0x000000d8   Code   RO         8614    i.mem_manage_fault_track  cpuport.o
    0x08007b3c   0x08007b3c   0x00000010   Code   RO         4955    i.mem_to_ptr        mem.o
    0x08007b4c   0x08007b4c   0x000001c4   Code   RO         4956    i.mem_trim          mem.o
    0x08007d10   0x08007d10   0x0000009c   Code   RO         5027    i.memp_free         memp.o
    0x08007dac   0x08007dac   0x00000020   Code   RO         5029    i.memp_init         memp.o
    0x08007dcc   0x08007dcc   0x0000002a   Code   RO         5030    i.memp_init_pool    memp.o
    0x08007df6   0x08007df6   0x00000002   PAD
    0x08007df8   0x08007df8   0x000000a4   Code   RO         5031    i.memp_malloc       memp.o
    0x08007e9c   0x08007e9c   0x0000006c   Code   RO         7663    i.msh_help          msh.o
    0x08007f08   0x08007f08   0x00000004   Code   RO         7664    i.msh_is_used       msh.o
    0x08007f0c   0x08007f0c   0x000001d8   Code   RO         5159    i.netif_add         netif.o
    0x080080e4   0x080080e4   0x00000016   Code   RO         5161    i.netif_do_ip_addr_changed  netif.o
    0x080080fa   0x080080fa   0x00000016   Code   RO         5162    i.netif_do_set_gw   netif.o
    0x08008110   0x08008110   0x000000c4   Code   RO         5163    i.netif_do_set_ipaddr  netif.o
    0x080081d4   0x080081d4   0x00000016   Code   RO         5164    i.netif_do_set_netmask  netif.o
    0x080081ea   0x080081ea   0x00000002   PAD
    0x080081ec   0x080081ec   0x00000028   Code   RO         5166    i.netif_get_by_index  netif.o
    0x08008214   0x08008214   0x00000002   Code   RO         5168    i.netif_init        netif.o
    0x08008216   0x08008216   0x00000002   PAD
    0x08008218   0x08008218   0x000000c0   Code   RO         5170    i.netif_issue_reports  netif.o
    0x080082d8   0x080082d8   0x00000006   Code   RO         5172    i.netif_null_output_ip4  netif.o
    0x080082de   0x080082de   0x00000002   PAD
    0x080082e0   0x080082e0   0x00000060   Code   RO         5174    i.netif_set_addr    netif.o
    0x08008340   0x08008340   0x0000000c   Code   RO         5175    i.netif_set_default  netif.o
    0x0800834c   0x0800834c   0x000000a8   Code   RO         5176    i.netif_set_down    netif.o
    0x080083f4   0x080083f4   0x000000a0   Code   RO         5182    i.netif_set_up      netif.o
    0x08008494   0x08008494   0x00000018   Code   RO         7546    i.object_split      cmd.o
    0x080084ac   0x080084ac   0x00000006   Code   RO         5341    i.pbuf_add_header   pbuf.o
    0x080084b2   0x080084b2   0x00000002   PAD
    0x080084b4   0x080084b4   0x000000c0   Code   RO         5343    i.pbuf_add_header_impl  pbuf.o
    0x08008574   0x08008574   0x00000234   Code   RO         5344    i.pbuf_alloc        pbuf.o
    0x080087a8   0x080087a8   0x000000b0   Code   RO         5345    i.pbuf_alloc_reference  pbuf.o
    0x08008858   0x08008858   0x00000036   Code   RO         5346    i.pbuf_alloced_custom  pbuf.o
    0x0800888e   0x0800888e   0x00000002   PAD
    0x08008890   0x08008890   0x00000130   Code   RO         5347    i.pbuf_cat          pbuf.o
    0x080089c0   0x080089c0   0x00000012   Code   RO         5348    i.pbuf_chain        pbuf.o
    0x080089d2   0x080089d2   0x00000012   Code   RO         5349    i.pbuf_clen         pbuf.o
    0x080089e4   0x080089e4   0x0000009c   Code   RO         5350    i.pbuf_clone        pbuf.o
    0x08008a80   0x08008a80   0x000001e0   Code   RO         5352    i.pbuf_copy         pbuf.o
    0x08008c60   0x08008c60   0x00000118   Code   RO         5353    i.pbuf_copy_partial  pbuf.o
    0x08008d78   0x08008d78   0x00000154   Code   RO         5355    i.pbuf_free         pbuf.o
    0x08008ecc   0x08008ecc   0x00000006   Code   RO         5361    i.pbuf_header_force  pbuf.o
    0x08008ed2   0x08008ed2   0x0000000e   Code   RO         5362    i.pbuf_header_impl  pbuf.o
    0x08008ee0   0x08008ee0   0x0000001c   Code   RO         5363    i.pbuf_init_alloced_pbuf  pbuf.o
    0x08008efc   0x08008efc   0x00000134   Code   RO         5367    i.pbuf_realloc      pbuf.o
    0x08009030   0x08009030   0x0000008c   Code   RO         5368    i.pbuf_ref          pbuf.o
    0x080090bc   0x080090bc   0x000000d0   Code   RO         5369    i.pbuf_remove_header  pbuf.o
    0x0800918c   0x0800918c   0x000001a0   Code   RO         4957    i.plug_holes        mem.o
    0x0800932c   0x0800932c   0x00000130   Code   RO         8111    i.print_number      kservice.o
    0x0800945c   0x0800945c   0x0000000c   Code   RO         4958    i.ptr_to_mem        mem.o
    0x08009468   0x08009468   0x00000060   Code   RO         7774    i.rt_application_init  components.o
    0x080094c8   0x080094c8   0x0000006c   Code   RO         8112    i.rt_assert_handler  kservice.o
    0x08009534   0x08009534   0x0000001c   Code   RO         7775    i.rt_components_board_init  components.o
    0x08009550   0x08009550   0x0000001c   Code   RO         7776    i.rt_components_init  components.o
    0x0800956c   0x0800956c   0x0000001c   Code   RO         8342    i.rt_enter_critical  scheduler.o
    0x08009588   0x08009588   0x00000038   Code   RO         8343    i.rt_exit_critical  scheduler.o
    0x080095c0   0x080095c0   0x00000040   Code   RO         7716    i.rt_hw_board_init  board.o
    0x08009600   0x08009600   0x00000002   Code   RO         8115    i.rt_hw_console_output  kservice.o
    0x08009602   0x08009602   0x00000002   PAD
    0x08009604   0x08009604   0x00000218   Code   RO         8618    i.rt_hw_hard_fault_exception  cpuport.o
    0x0800981c   0x0800981c   0x0000003c   Code   RO         8619    i.rt_hw_stack_init  cpuport.o
    0x08009858   0x08009858   0x0000001c   Code   RO         8082    i.rt_interrupt_enter  irq.o
    0x08009874   0x08009874   0x0000000c   Code   RO         8083    i.rt_interrupt_get_nest  irq.o
    0x08009880   0x08009880   0x0000001c   Code   RO         8084    i.rt_interrupt_leave  irq.o
    0x0800989c   0x0800989c   0x00000020   Code   RO         8116    i.rt_kprintf        kservice.o
    0x080098bc   0x080098bc   0x0000000e   Code   RO         8409    i.rt_list_insert_after  thread.o
    0x080098ca   0x080098ca   0x0000000e   Code   RO         8520    i.rt_list_insert_after  timer.o
    0x080098d8   0x080098d8   0x00000012   Code   RO         7547    i.rt_list_len       cmd.o
    0x080098ea   0x080098ea   0x00000012   Code   RO         8410    i.rt_list_remove    thread.o
    0x080098fc   0x080098fc   0x00000046   Code   RO         8121    i.rt_memset         kservice.o
    0x08009942   0x08009942   0x00000002   PAD
    0x08009944   0x08009944   0x0000004c   Code   RO         8286    i.rt_object_detach  object.o
    0x08009990   0x08009990   0x00000024   Code   RO         8288    i.rt_object_get_information  object.o
    0x080099b4   0x080099b4   0x00000034   Code   RO         8289    i.rt_object_get_type  object.o
    0x080099e8   0x080099e8   0x000000a0   Code   RO         8290    i.rt_object_init    object.o
    0x08009a88   0x08009a88   0x00000038   Code   RO         8291    i.rt_object_is_systemobject  object.o
    0x08009ac0   0x08009ac0   0x00000060   Code   RO         8344    i.rt_schedule       scheduler.o
    0x08009b20   0x08009b20   0x00000074   Code   RO         8345    i.rt_schedule_insert_thread  scheduler.o
    0x08009b94   0x08009b94   0x00000070   Code   RO         8346    i.rt_schedule_remove_thread  scheduler.o
    0x08009c04   0x08009c04   0x0000006c   Code   RO         7911    i.rt_sem_init       ipc.o
    0x08009c70   0x08009c70   0x000000b0   Code   RO         8123    i.rt_show_version   kservice.o
    0x08009d20   0x08009d20   0x00000070   Code   RO         8521    i.rt_soft_timer_check  timer.o
    0x08009d90   0x08009d90   0x00000010   Code   RO         8128    i.rt_strlen         kservice.o
    0x08009da0   0x08009da0   0x00000026   Code   RO         8130    i.rt_strncpy        kservice.o
    0x08009dc6   0x08009dc6   0x00000002   PAD
    0x08009dc8   0x08009dc8   0x00000034   Code   RO         8347    i.rt_system_scheduler_init  scheduler.o
    0x08009dfc   0x08009dfc   0x00000028   Code   RO         8348    i.rt_system_scheduler_start  scheduler.o
    0x08009e24   0x08009e24   0x0000000c   Code   RO         8522    i.rt_system_timer_init  timer.o
    0x08009e30   0x08009e30   0x00000044   Code   RO         8523    i.rt_system_timer_thread_init  timer.o
    0x08009e74   0x08009e74   0x00000004   Code   RO         8412    i.rt_thread_delay   thread.o
    0x08009e78   0x08009e78   0x00000058   Code   RO         8414    i.rt_thread_exit    thread.o
    0x08009ed0   0x08009ed0   0x00000006   Code   RO         7843    i.rt_thread_idle_entry  idle.o
    0x08009ed6   0x08009ed6   0x00000002   PAD
    0x08009ed8   0x08009ed8   0x000000c0   Code   RO         7844    i.rt_thread_idle_excute  idle.o
    0x08009f98   0x08009f98   0x00000038   Code   RO         7846    i.rt_thread_idle_init  idle.o
    0x08009fd0   0x08009fd0   0x00000080   Code   RO         8416    i.rt_thread_init    thread.o
    0x0800a050   0x0800a050   0x0000007c   Code   RO         8418    i.rt_thread_resume  thread.o
    0x0800a0cc   0x0800a0cc   0x0000000c   Code   RO         8419    i.rt_thread_self    thread.o
    0x0800a0d8   0x0800a0d8   0x00000080   Code   RO         8420    i.rt_thread_sleep   thread.o
    0x0800a158   0x0800a158   0x000000bc   Code   RO         8421    i.rt_thread_startup  thread.o
    0x0800a214   0x0800a214   0x00000084   Code   RO         8422    i.rt_thread_suspend  thread.o
    0x0800a298   0x0800a298   0x000000b4   Code   RO         8423    i.rt_thread_timeout  thread.o
    0x0800a34c   0x0800a34c   0x00000038   Code   RO         8524    i.rt_thread_timer_entry  timer.o
    0x0800a384   0x0800a384   0x00000060   Code   RO         8424    i.rt_thread_yield   thread.o
    0x0800a3e4   0x0800a3e4   0x0000000c   Code   RO         7736    i.rt_tick_get       clock.o
    0x0800a3f0   0x0800a3f0   0x0000002c   Code   RO         7737    i.rt_tick_increase  clock.o
    0x0800a41c   0x0800a41c   0x00000068   Code   RO         8525    i.rt_timer_check    timer.o
    0x0800a484   0x0800a484   0x000000b0   Code   RO         8526    i.rt_timer_control  timer.o
    0x0800a534   0x0800a534   0x000000d4   Code   RO         8527    i.rt_timer_detach   timer.o
    0x0800a608   0x0800a608   0x00000058   Code   RO         8528    i.rt_timer_init     timer.o
    0x0800a660   0x0800a660   0x00000010   Code   RO         8529    i.rt_timer_list_next_timeout  timer.o
    0x0800a670   0x0800a670   0x0000016c   Code   RO         8531    i.rt_timer_start    timer.o
    0x0800a7dc   0x0800a7dc   0x000000a8   Code   RO         8532    i.rt_timer_stop     timer.o
    0x0800a884   0x0800a884   0x0000027c   Code   RO         8133    i.rt_vsnprintf      kservice.o
    0x0800ab00   0x0800ab00   0x00000004   Code   RO         7777    i.rti_board_end     components.o
    0x0800ab04   0x0800ab04   0x00000004   Code   RO         7778    i.rti_board_start   components.o
    0x0800ab08   0x0800ab08   0x00000004   Code   RO         7779    i.rti_end           components.o
    0x0800ab0c   0x0800ab0c   0x00000004   Code   RO         7780    i.rti_start         components.o
    0x0800ab10   0x0800ab10   0x0000002a   Code   RO         7781    i.rtthread_startup  components.o
    0x0800ab3a   0x0800ab3a   0x00000002   PAD
    0x0800ab3c   0x0800ab3c   0x00000030   Code   RO         7548    i.show_wait_queue   cmd.o
    0x0800ab6c   0x0800ab6c   0x00000028   Code   RO         8135    i.skip_atoi         kservice.o
    0x0800ab94   0x0800ab94   0x00000004   Code   RO          409    i.sys_now           ethernetif.o
    0x0800ab98   0x0800ab98   0x000000c4   Code   RO         6207    i.sys_timeout       timeouts.o
    0x0800ac5c   0x0800ac5c   0x000000f8   Code   RO         6208    i.sys_timeout_abs   timeouts.o
    0x0800ad54   0x0800ad54   0x00000028   Code   RO         6209    i.sys_timeouts_init  timeouts.o
    0x0800ad7c   0x0800ad7c   0x000001ac   Code   RO         5638    i.tcp_abandon       tcp.o
    0x0800af28   0x0800af28   0x00000006   Code   RO         5639    i.tcp_abort         tcp.o
    0x0800af2e   0x0800af2e   0x00000002   PAD
    0x0800af30   0x0800af30   0x00000124   Code   RO         5642    i.tcp_alloc         tcp.o
    0x0800b054   0x0800b054   0x000000a0   Code   RO         5646    i.tcp_close         tcp.o
    0x0800b0f4   0x0800b0f4   0x000001dc   Code   RO         5647    i.tcp_close_shutdown  tcp.o
    0x0800b2d0   0x0800b2d0   0x000000c4   Code   RO         5648    i.tcp_close_shutdown_fin  tcp.o
    0x0800b394   0x0800b394   0x00000180   Code   RO         6044    i.tcp_create_segment  tcp_out.o
    0x0800b514   0x0800b514   0x000000b8   Code   RO         5651    i.tcp_eff_send_mss_netif  tcp.o
    0x0800b5cc   0x0800b5cc   0x00000234   Code   RO         6045    i.tcp_enqueue_flags  tcp_out.o
    0x0800b800   0x0800b800   0x0000006c   Code   RO         5653    i.tcp_fasttmr       tcp.o
    0x0800b86c   0x0800b86c   0x00000090   Code   RO         5654    i.tcp_free          tcp.o
    0x0800b8fc   0x0800b8fc   0x0000013c   Code   RO         5955    i.tcp_free_acked_segments  tcp_in.o
    0x0800ba38   0x0800ba38   0x00000014   Code   RO         5655    i.tcp_free_ooseq    tcp.o
    0x0800ba4c   0x0800ba4c   0x00000028   Code   RO         5956    i.tcp_get_next_optbyte  tcp_in.o
    0x0800ba74   0x0800ba74   0x00000018   Code   RO         5656    i.tcp_init          tcp.o
    0x0800ba8c   0x0800ba8c   0x00000650   Code   RO         5957    i.tcp_input         tcp_in.o
    0x0800c0dc   0x0800c0dc   0x000000d4   Code   RO         5958    i.tcp_input_delayed_close  tcp_in.o
    0x0800c1b0   0x0800c1b0   0x000000cc   Code   RO         6046    i.tcp_keepalive     tcp_out.o
    0x0800c27c   0x0800c27c   0x000000bc   Code   RO         5657    i.tcp_kill_state    tcp.o
    0x0800c338   0x0800c338   0x00000070   Code   RO         5658    i.tcp_listen_closed  tcp.o
    0x0800c3a8   0x0800c3a8   0x00000198   Code   RO         5959    i.tcp_listen_input  tcp_in.o
    0x0800c540   0x0800c540   0x0000004c   Code   RO         5661    i.tcp_netif_ip_addr_changed  tcp.o
    0x0800c58c   0x0800c58c   0x000000c0   Code   RO         5662    i.tcp_netif_ip_addr_changed_pcblist  tcp.o
    0x0800c64c   0x0800c64c   0x00000098   Code   RO         5666    i.tcp_next_iss      tcp.o
    0x0800c6e4   0x0800c6e4   0x0000010c   Code   RO         5960    i.tcp_oos_insert_segment  tcp_in.o
    0x0800c7f0   0x0800c7f0   0x000002e0   Code   RO         6047    i.tcp_output        tcp_out.o
    0x0800cad0   0x0800cad0   0x000000cc   Code   RO         6048    i.tcp_output_alloc_header  tcp_out.o
    0x0800cb9c   0x0800cb9c   0x00000110   Code   RO         6049    i.tcp_output_alloc_header_common  tcp_out.o
    0x0800ccac   0x0800ccac   0x000000e0   Code   RO         6050    i.tcp_output_control_segment  tcp_out.o
    0x0800cd8c   0x0800cd8c   0x000000d8   Code   RO         6051    i.tcp_output_fill_options  tcp_out.o
    0x0800ce64   0x0800ce64   0x000001dc   Code   RO         6052    i.tcp_output_segment  tcp_out.o
    0x0800d040   0x0800d040   0x000000a8   Code   RO         6053    i.tcp_output_segment_busy  tcp_out.o
    0x0800d0e8   0x0800d0e8   0x000000fc   Code   RO         5961    i.tcp_parseopt      tcp_in.o
    0x0800d1e4   0x0800d1e4   0x000000cc   Code   RO         5667    i.tcp_pcb_purge     tcp.o
    0x0800d2b0   0x0800d2b0   0x00000190   Code   RO         5668    i.tcp_pcb_remove    tcp.o
    0x0800d440   0x0800d440   0x000004c2   Code   RO         5962    i.tcp_process       tcp_in.o
    0x0800d902   0x0800d902   0x00000002   PAD
    0x0800d904   0x0800d904   0x00000104   Code   RO         5670    i.tcp_process_refused_data  tcp.o
    0x0800da08   0x0800da08   0x00000904   Code   RO         5963    i.tcp_receive       tcp_in.o
    0x0800e30c   0x0800e30c   0x000000b0   Code   RO         5672    i.tcp_recv_null     tcp.o
    0x0800e3bc   0x0800e3bc   0x00000100   Code   RO         5673    i.tcp_recved        tcp.o
    0x0800e4bc   0x0800e4bc   0x00000058   Code   RO         5674    i.tcp_remove_listener  tcp.o
    0x0800e514   0x0800e514   0x000000ec   Code   RO         6055    i.tcp_rexmit        tcp_out.o
    0x0800e600   0x0800e600   0x000000e8   Code   RO         6056    i.tcp_rexmit_fast   tcp_out.o
    0x0800e6e8   0x0800e6e8   0x000000a4   Code   RO         6057    i.tcp_rexmit_rto    tcp_out.o
    0x0800e78c   0x0800e78c   0x000000ac   Code   RO         6058    i.tcp_rexmit_rto_commit  tcp_out.o
    0x0800e838   0x0800e838   0x000000f8   Code   RO         6059    i.tcp_rexmit_rto_prepare  tcp_out.o
    0x0800e930   0x0800e930   0x00000010   Code   RO         6060    i.tcp_route         tcp_out.o
    0x0800e940   0x0800e940   0x00000114   Code   RO         6061    i.tcp_rst           tcp_out.o
    0x0800ea54   0x0800ea54   0x000000ac   Code   RO         5675    i.tcp_seg_copy      tcp.o
    0x0800eb00   0x0800eb00   0x0000001c   Code   RO         5676    i.tcp_seg_free      tcp.o
    0x0800eb1c   0x0800eb1c   0x00000012   Code   RO         5677    i.tcp_segs_free     tcp.o
    0x0800eb2e   0x0800eb2e   0x00000002   PAD
    0x0800eb30   0x0800eb30   0x000000ec   Code   RO         6062    i.tcp_send_empty_ack  tcp_out.o
    0x0800ec1c   0x0800ec1c   0x000000cc   Code   RO         6063    i.tcp_send_fin      tcp_out.o
    0x0800ece8   0x0800ece8   0x000005d0   Code   RO         5681    i.tcp_slowtmr       tcp.o
    0x0800f2b8   0x0800f2b8   0x0000022c   Code   RO         6064    i.tcp_split_unsent_seg  tcp_out.o
    0x0800f4e4   0x0800f4e4   0x00000034   Code   RO         6212    i.tcp_timer_needed  timeouts.o
    0x0800f518   0x0800f518   0x00000100   Code   RO         5964    i.tcp_timewait_input  tcp_in.o
    0x0800f618   0x0800f618   0x00000020   Code   RO         5683    i.tcp_tmr           tcp.o
    0x0800f638   0x0800f638   0x00000010   Code   RO         5965    i.tcp_trigger_input_pcb_close  tcp_in.o
    0x0800f648   0x0800f648   0x000000f4   Code   RO         5685    i.tcp_update_rcv_ann_wnd  tcp.o
    0x0800f73c   0x0800f73c   0x00000140   Code   RO         6067    i.tcp_zero_window_probe  tcp_out.o
    0x0800f87c   0x0800f87c   0x00000038   Code   RO         6213    i.tcpip_tcp_timer   timeouts.o
    0x0800f8b4   0x0800f8b4   0x00000134   Code   RO         6293    i.udp_bind          udp.o
    0x0800f9e8   0x0800f9e8   0x00000100   Code   RO         6295    i.udp_connect       udp.o
    0x0800fae8   0x0800fae8   0x00000018   Code   RO         6297    i.udp_init          udp.o
    0x0800fb00   0x0800fb00   0x000001e8   Code   RO         6298    i.udp_input         udp.o
    0x0800fce8   0x0800fce8   0x0000010c   Code   RO         6299    i.udp_input_local_match  udp.o
    0x0800fdf4   0x0800fdf4   0x00000034   Code   RO         6300    i.udp_netif_ip_addr_changed  udp.o
    0x0800fe28   0x0800fe28   0x0000001a   Code   RO         6301    i.udp_new           udp.o
    0x0800fe42   0x0800fe42   0x00000002   PAD
    0x0800fe44   0x0800fe44   0x00000088   Code   RO         6303    i.udp_recv          udp.o
    0x0800fecc   0x0800fecc   0x000000b0   Code   RO         6304    i.udp_remove        udp.o
    0x0800ff7c   0x0800ff7c   0x00000140   Code   RO         6307    i.udp_sendto_if     udp.o
    0x080100bc   0x080100bc   0x00000248   Code   RO         6308    i.udp_sendto_if_src  udp.o
    0x08010304   0x08010304   0x000000d0   Code   RO         8620    i.usage_fault_track  cpuport.o
    0x080103d4   0x080103d4   0x0000000a   Code   RO         7549    i.version           cmd.o
    0x080103de   0x080103de   0x00000008   Data   RO         1268    .constdata          stm32f4xx_hal_dma.o
    0x080103e6   0x080103e6   0x00000010   Data   RO         3682    .constdata          system_stm32f4xx.o
    0x080103f6   0x080103f6   0x00000008   Data   RO         3683    .constdata          system_stm32f4xx.o
    0x080103fe   0x080103fe   0x00000006   Data   RO         4284    .constdata          ethernet.o
    0x08010404   0x08010404   0x00000006   Data   RO         4285    .constdata          ethernet.o
    0x0801040a   0x0801040a   0x00000002   PAD
    0x0801040c   0x0801040c   0x0000000c   Data   RO         5042    .constdata          memp.o
    0x08010418   0x08010418   0x0000000c   Data   RO         5043    .constdata          memp.o
    0x08010424   0x08010424   0x0000000c   Data   RO         5044    .constdata          memp.o
    0x08010430   0x08010430   0x0000000c   Data   RO         5045    .constdata          memp.o
    0x0801043c   0x0801043c   0x0000000c   Data   RO         5046    .constdata          memp.o
    0x08010448   0x08010448   0x0000000c   Data   RO         5047    .constdata          memp.o
    0x08010454   0x08010454   0x0000000c   Data   RO         5048    .constdata          memp.o
    0x08010460   0x08010460   0x0000000c   Data   RO         5049    .constdata          memp.o
    0x0801046c   0x0801046c   0x0000000c   Data   RO         5050    .constdata          memp.o
    0x08010478   0x08010478   0x00000024   Data   RO         5051    .constdata          memp.o
    0x0801049c   0x0801049c   0x00000054   Data   RO         5686    .constdata          tcp.o
    0x080104f0   0x080104f0   0x00000028   Data   RO         6214    .constdata          timeouts.o
    0x08010518   0x08010518   0x00000004   Data   RO         6871    .constdata          ip4_addr.o
    0x0801051c   0x0801051c   0x00000004   Data   RO         6872    .constdata          ip4_addr.o
    0x08010520   0x08010520   0x0000004a   Data   RO         7423    .constdata          shell.o
    0x0801056a   0x0801056a   0x00000006   Data   RO         7550    .constdata          cmd.o
    0x08010570   0x08010570   0x00000008   Data   RO         7551    .constdata          cmd.o
    0x08010578   0x08010578   0x0000000e   Data   RO         7552    .constdata          cmd.o
    0x08010586   0x08010586   0x0000000c   Data   RO         7553    .constdata          cmd.o
    0x08010592   0x08010592   0x00000012   Data   RO         7554    .constdata          cmd.o
    0x080105a4   0x080105a4   0x00000009   Data   RO         7555    .constdata          cmd.o
    0x080105ad   0x080105ad   0x0000000f   Data   RO         7556    .constdata          cmd.o
    0x080105bc   0x080105bc   0x0000000b   Data   RO         7557    .constdata          cmd.o
    0x080105c7   0x080105c7   0x00000011   Data   RO         7558    .constdata          cmd.o
    0x080105d8   0x080105d8   0x0000000b   Data   RO         7559    .constdata          cmd.o
    0x080105e3   0x080105e3   0x00000011   Data   RO         7560    .constdata          cmd.o
    0x080105f4   0x080105f4   0x0000000d   Data   RO         7561    .constdata          cmd.o
    0x08010601   0x08010601   0x00000013   Data   RO         7562    .constdata          cmd.o
    0x08010614   0x08010614   0x0000000e   Data   RO         7563    .constdata          cmd.o
    0x08010622   0x08010622   0x00000014   Data   RO         7564    .constdata          cmd.o
    0x08010636   0x08010636   0x0000000b   Data   RO         7565    .constdata          cmd.o
    0x08010641   0x08010641   0x00000011   Data   RO         7566    .constdata          cmd.o
    0x08010652   0x08010652   0x00000005   Data   RO         7567    .constdata          cmd.o
    0x08010657   0x08010657   0x0000000b   Data   RO         7666    .constdata          msh.o
    0x08010662   0x08010662   0x00000009   Data   RO         7667    .constdata          msh.o
    0x0801066b   0x0801066b   0x00000014   Data   RO         7783    .constdata          components.o
    0x0801067f   0x0801067f   0x00000016   Data   RO         7848    .constdata          idle.o
    0x08010695   0x08010695   0x00000167   Data   RO         7915    .constdata          ipc.o
    0x080107fc   0x080107fc   0x00000122   Data   RO         8137    .constdata          kservice.o
    0x0801091e   0x0801091e   0x0000005c   Data   RO         8293    .constdata          object.o
    0x0801097a   0x0801097a   0x0000004e   Data   RO         8350    .constdata          scheduler.o
    0x080109c8   0x080109c8   0x000000a8   Data   RO         8425    .constdata          thread.o
    0x08010a70   0x08010a70   0x0000004c   Data   RO         8534    .constdata          timer.o
    0x08010abc   0x08010abc   0x00000075   Data   RO         5687    .conststring        tcp.o
    0x08010b31   0x08010b31   0x00000003   PAD
    0x08010b34   0x08010b34   0x00000055   Data   RO         6068    .conststring        tcp_out.o
    0x08010b89   0x08010b89   0x00000003   PAD
    0x08010b8c   0x08010b8c   0x00000042   Data   RO         6470    .conststring        dhcp.o
    0x08010bce   0x08010bce   0x00000002   PAD
    0x08010bd0   0x08010bd0   0x00000041   Data   RO         6658    .conststring        etharp.o
    0x08010c11   0x08010c11   0x00000003   PAD
    0x08010c14   0x08010c14   0x00000044   Data   RO         7568    .conststring        cmd.o
    0x08010c58   0x08010c58   0x00000042   Data   RO         8426    .conststring        thread.o
    0x08010c9a   0x08010c9a   0x00000002   PAD
    0x08010c9c   0x08010c9c   0x00000004   Data   RO         7784    .rti_fn.0           components.o
    0x08010ca0   0x08010ca0   0x00000004   Data   RO         7785    .rti_fn.0.end       components.o
    0x08010ca4   0x08010ca4   0x00000004   Data   RO         7786    .rti_fn.1.end       components.o
    0x08010ca8   0x08010ca8   0x00000004   Data   RO         7425    .rti_fn.6           shell.o
    0x08010cac   0x08010cac   0x00000004   Data   RO         7787    .rti_fn.6.end       components.o
    0x08010cb0   0x08010cb0   0x00000090   Data   RO         7569    FSymTab             cmd.o
    0x08010d40   0x08010d40   0x00000010   Data   RO         7669    FSymTab             msh.o
    0x08010d50   0x08010d50   0x00000020   Data   RO         9051    Region$$Table       anon$$obj.o


    Execution Region RW_IRAM2 (Exec base: 0x10000000, Load base: 0x08010dc8, Size: 0x00000000, Max: 0x00010000, ABSOLUTE)

    **** No section assigned to this execution region ****


    Execution Region RW_IRAM1 (Exec base: 0x20000000, Load base: 0x08010d70, Size: 0x00007d40, Max: 0x00020000, ABSOLUTE, COMPRESSED[0x00000058])

    Exec Addr    Load Addr    Size         Type   Attr      Idx    E Section Name        Object

    0x20000000   COMPRESSED   0x0000000c   Data   RW          344    .data               lwip.o
    0x2000000c   COMPRESSED   0x0000000c   Data   RW         1695    .data               stm32f4xx_hal.o
    0x20000018   COMPRESSED   0x00000004   Data   RW         3684    .data               system_stm32f4xx.o
    0x2000001c   COMPRESSED   0x0000000c   Data   RW         4960    .data               mem.o
    0x20000028   COMPRESSED   0x00000004   Data   RW         5052    .data               memp.o
    0x2000002c   COMPRESSED   0x00000004   Data   RW         5053    .data               memp.o
    0x20000030   COMPRESSED   0x00000004   Data   RW         5054    .data               memp.o
    0x20000034   COMPRESSED   0x00000004   Data   RW         5055    .data               memp.o
    0x20000038   COMPRESSED   0x00000004   Data   RW         5056    .data               memp.o
    0x2000003c   COMPRESSED   0x00000004   Data   RW         5057    .data               memp.o
    0x20000040   COMPRESSED   0x00000004   Data   RW         5058    .data               memp.o
    0x20000044   COMPRESSED   0x00000004   Data   RW         5059    .data               memp.o
    0x20000048   COMPRESSED   0x00000004   Data   RW         5060    .data               memp.o
    0x2000004c   COMPRESSED   0x0000000c   Data   RW         5183    .data               netif.o
    0x20000058   COMPRESSED   0x00000001   Data   RW         5376    .data               pbuf.o
    0x20000059   COMPRESSED   0x00000003   PAD
    0x2000005c   COMPRESSED   0x00000020   Data   RW         5688    .data               tcp.o
    0x2000007c   COMPRESSED   0x00000024   Data   RW         5967    .data               tcp_in.o
    0x200000a0   COMPRESSED   0x0000000c   Data   RW         6216    .data               timeouts.o
    0x200000ac   COMPRESSED   0x00000008   Data   RW         6309    .data               udp.o
    0x200000b4   COMPRESSED   0x00000014   Data   RW         6471    .data               dhcp.o
    0x200000c8   COMPRESSED   0x00000001   Data   RW         6659    .data               etharp.o
    0x200000c9   COMPRESSED   0x00000001   PAD
    0x200000ca   COMPRESSED   0x00000002   Data   RW         6815    .data               ip4.o
    0x200000cc   COMPRESSED   0x00000008   Data   RW         6942    .data               ip4_frag.o
    0x200000d4   COMPRESSED   0x00000018   Data   RW         7424    .data               shell.o
    0x200000ec   COMPRESSED   0x00000004   Data   RW         7739    .data               clock.o
    0x200000f0   COMPRESSED   0x00000001   Data   RW         8085    .data               irq.o
    0x200000f1   COMPRESSED   0x00000003   PAD
    0x200000f4   COMPRESSED   0x00000008   Data   RW         8138    .data               kservice.o
    0x200000fc   COMPRESSED   0x00000070   Data   RW         8294    .data               object.o
    0x2000016c   COMPRESSED   0x00000014   Data   RW         8351    .data               scheduler.o
    0x20000180   COMPRESSED   0x00000014   Data   RW         8535    .data               timer.o
    0x20000194   COMPRESSED   0x00000004   Data   RW         8622    .data               cpuport.o
    0x20000198   COMPRESSED   0x00000004   Data   RW         8623    .data               cpuport.o
    0x2000019c   COMPRESSED   0x00000004   Data   RW         8624    .data               cpuport.o
    0x200001a0   COMPRESSED   0x00000004   Data   RW         8625    .data               cpuport.o
    0x200001a4   COMPRESSED   0x00000004   Data   RW         8709    .data               mc_w.l(rand.o)
    0x200001a8   COMPRESSED   0x00000004   Data   RW         9012    .data               mc_w.l(stdout.o)
    0x200001ac        -       0x000001ec   Zero   RW           23    .bss                main.o
    0x20000398        -       0x00000060   Zero   RW           24    .bss                main.o
    0x200003f8        -       0x00000060   Zero   RW           25    .bss                main.o
    0x20000458        -       0x00000060   Zero   RW           26    .bss                main.o
    0x200004b8        -       0x00000034   Zero   RW          341    .bss                lwip.o
    0x200004ec        -       0x000030e8   Zero   RW          410    .bss                ethernetif.o
    0x200035d4        -       0x00000018   Zero   RW         4920    .bss                ip.o
    0x200035ec        -       0x00000653   Zero   RW         4959    .bss                mem.o
    0x20003c3f        -       0x00000083   Zero   RW         5033    .bss                memp.o
    0x20003cc2        -       0x0000030f   Zero   RW         5034    .bss                memp.o
    0x20003fd1        -       0x000000e3   Zero   RW         5035    .bss                memp.o
    0x200040b4        -       0x00000103   Zero   RW         5036    .bss                memp.o
    0x200041b7        -       0x000000a3   Zero   RW         5037    .bss                memp.o
    0x2000425a        -       0x0000016b   Zero   RW         5038    .bss                memp.o
    0x200043c5        -       0x00000053   Zero   RW         5039    .bss                memp.o
    0x20004418        -       0x00000103   Zero   RW         5040    .bss                memp.o
    0x2000451b        -       0x00002603   Zero   RW         5041    .bss                memp.o
    0x20006b1e   COMPRESSED   0x00000002   PAD
    0x20006b20        -       0x00000010   Zero   RW         5966    .bss                tcp_in.o
    0x20006b30        -       0x00000020   Zero   RW         6469    .bss                dhcp.o
    0x20006b50        -       0x000000f0   Zero   RW         6657    .bss                etharp.o
    0x20006c40        -       0x0000037c   Zero   RW         7422    .bss                shell.o
    0x20006fbc   COMPRESSED   0x00000004   PAD
    0x20006fc0        -       0x00000480   Zero   RW         7782    .bss                components.o
    0x20007440        -       0x00000100   Zero   RW         7847    .bss                idle.o
    0x20007540        -       0x00000080   Zero   RW         8136    .bss                kservice.o
    0x200075c0        -       0x00000100   Zero   RW         8349    .bss                scheduler.o
    0x200076c0        -       0x00000280   Zero   RW         8533    .bss                timer.o
    0x20007940        -       0x00000400   Zero   RW            1    STACK               startup_stm32f407xx.o


==============================================================================

Image component sizes


      Code (inc. data)   RO Data    RW Data    ZI Data      Debug   Object Name

         0          0          0          0          0       2196   auth.o
        82         10          0          0          0       2087   board.o
         0          0          0          0          0       2094   bridgeif.o
         0          0          0          0          0        364   bridgeif_fdb.o
        56         12          0          4          0       1405   clock.o
      2570        972        449          0          0      20664   cmd.o
       234         56         36          0       1152       6940   components.o
       308         26          0          0          0        900   context_rvds.o
      1372        736          0         16          0       7090   cpuport.o
         8          0          0          0          0       1090   def.o
      6040       2014         66         20         32      27709   dhcp.o
      2956       1188         65          1        240      12723   etharp.o
       412        154         12          0          0       2710   ethernet.o
       764        130          0          0      12520       4555   ethernetif.o
       776        350          0          0          0       4394   icmp.o
       274         74         22          0        256       6174   idle.o
        30          0          0          0          0       2864   init.o
         0          0          0          0         24       7929   ip.o
       950        186          0          2          0       5792   ip4.o
        46          0          8          0          0       8758   ip4_addr.o
      2904       1164          0          8          0      11626   ip4_frag.o
       108         40        359          0          0      25403   ipc.o
        68         18          0          1          0       2430   irq.o
      1490        220        290          8        128      12502   kservice.o
       100         18          0         12         52        888   lwip.o
      1322        124          0          0        780     768950   main.o
      1940        926          0         12       1619       7369   mem.o
       714        498        144         36      11999      11537   memp.o
       122         52         36          0          0       3430   msh.o
      1410        740          0         12          0      14160   netif.o
       380        126         92        112          0       8610   object.o
      3292       1784          0          1          0      17850   pbuf.o
       692        218         78         20        256       9830   scheduler.o
       344        108         78         24        892      17847   shell.o
        36          8        392          0       1024        828   startup_stm32f407xx.o
       164         24          0         12          0       8831   stm32f4xx_hal.o
       712         28          0          0          0       2851   stm32f4xx_hal_adc.o
       198         14          0          0          0      33919   stm32f4xx_hal_cortex.o
       106          0          0          0          0       1871   stm32f4xx_hal_dac.o
       752         16          8          0          0       4028   stm32f4xx_hal_dma.o
      1746         72          0          0          0      10312   stm32f4xx_hal_eth.o
       450         46          0          0          0       2372   stm32f4xx_hal_gpio.o
       964        124          0          0          0       4953   stm32f4xx_hal_msp.o
      1340         78          0          0          0       5652   stm32f4xx_hal_rcc.o
       850         80          0          0          0       6746   stm32f4xx_hal_tim.o
       144         28          0          0          0       1328   stm32f4xx_hal_tim_ex.o
       394         10          0          0          0       2028   stm32f4xx_hal_uart.o
        48         18          0          0          0       4057   stm32f4xx_it.o
       148         22         24          4          0       1831   system_stm32f4xx.o
      6124       2876        201         32          0      37779   tcp.o
      6910       2036          0         36         16      22547   tcp_in.o
      6108       3044         85          0          0      29014   tcp_out.o
      1284        388        234          0          0      15211   thread.o
       652        362         40         12          0       6013   timeouts.o
      1408        498         76         20        640      13526   timer.o
      2638       1376          0          8          0      11645   udp.o

    ----------------------------------------------------------------------
     65004      23092       2842        420      31636    1268212   Object Totals
         0          0         32          0          0          0   (incl. Generated)
        64          0         15          7          6          0   (incl. Padding)

    ----------------------------------------------------------------------

      Code (inc. data)   RO Data    RW Data    ZI Data      Debug   Library Member Name

        86          0          0          0          0          0   __dczerorl2.o
         0          0          0          0          0          0   entry.o
         0          0          0          0          0          0   entry10a.o
         0          0          0          0          0          0   entry11a.o
         8          4          0          0          0          0   entry2.o
         4          0          0          0          0          0   entry5.o
         0          0          0          0          0          0   entry7b.o
         0          0          0          0          0          0   entry8b.o
         8          4          0          0          0          0   entry9a.o
        18          0          0          0          0         80   fputc.o
        30          0          0          0          0          0   handlers.o
        36          8          0          0          0         68   init.o
         0          0          0          0          0          0   iusesemip.o
        30          0          0          0          0         68   llshl.o
        32          0          0          0          0         68   llushr.o
        26          0          0          0          0         80   memcmp.o
        64          0          0          0          0         76   memmovea.o
        36          0          0          0          0        108   memseta.o
       472         14          0          0          0        184   printf3.o
        36         10          0          4          0        136   rand.o
         0          0          0          0          0          0   semi.o
         0          0          0          4          0          0   stdout.o
        24          0          0          0          0         68   strcat.o
        18          0          0          0          0         68   strcpy.o
        30          0          0          0          0         80   strncmp.o
        24          0          0          0          0         76   strncpy.o
        44          0          0          0          0         80   uidiv.o
        98          0          0          0          0         92   uldiv.o

    ----------------------------------------------------------------------
      1130         40          0          8          0       1332   Library Totals
         6          0          0          0          0          0   (incl. Padding)

    ----------------------------------------------------------------------

      Code (inc. data)   RO Data    RW Data    ZI Data      Debug   Library Name

      1124         40          0          8          0       1332   mc_w.l

    ----------------------------------------------------------------------
      1130         40          0          8          0       1332   Library Totals

    ----------------------------------------------------------------------

==============================================================================


      Code (inc. data)   RO Data    RW Data    ZI Data      Debug   

     66134      23132       2842        428      31636    1233504   Grand Totals
     66134      23132       2842         88      31636    1233504   ELF Image Totals (compressed)
     66134      23132       2842         88          0          0   ROM Totals

==============================================================================

    Total RO  Size (Code + RO Data)                68976 (  67.36kB)
    Total RW  Size (RW Data + ZI Data)             32064 (  31.31kB)
    Total ROM Size (Code + RO Data + RW Data)      69064 (  67.45kB)

==============================================================================

